Archive member included to satisfy reference by file (symbol)

d:/mounriver/mounriver_studio/toolchain/risc-v embedded gcc/bin/../lib/gcc/riscv-none-embed/8.2.0/rv32imac/ilp32\libgcc.a(adddf3.o)
                              ./CODE/timer_pit.o (__adddf3)
d:/mounriver/mounriver_studio/toolchain/risc-v embedded gcc/bin/../lib/gcc/riscv-none-embed/8.2.0/rv32imac/ilp32\libgcc.a(eqdf2.o)
                              ./Libraries/seekfree_peripheral/SEEKFREE_PRINTF.o (__nedf2)
d:/mounriver/mounriver_studio/toolchain/risc-v embedded gcc/bin/../lib/gcc/riscv-none-embed/8.2.0/rv32imac/ilp32\libgcc.a(ledf2.o)
                              ./Libraries/seekfree_peripheral/SEEKFREE_18TFT.o (__ltdf2)
d:/mounriver/mounriver_studio/toolchain/risc-v embedded gcc/bin/../lib/gcc/riscv-none-embed/8.2.0/rv32imac/ilp32\libgcc.a(muldf3.o)
                              ./Libraries/seekfree_peripheral/SEEKFREE_PRINTF.o (__muldf3)
d:/mounriver/mounriver_studio/toolchain/risc-v embedded gcc/bin/../lib/gcc/riscv-none-embed/8.2.0/rv32imac/ilp32\libgcc.a(subdf3.o)
                              ./Libraries/seekfree_peripheral/SEEKFREE_PRINTF.o (__subdf3)
d:/mounriver/mounriver_studio/toolchain/risc-v embedded gcc/bin/../lib/gcc/riscv-none-embed/8.2.0/rv32imac/ilp32\libgcc.a(fixdfsi.o)
                              ./Libraries/seekfree_peripheral/SEEKFREE_PRINTF.o (__fixdfsi)
d:/mounriver/mounriver_studio/toolchain/risc-v embedded gcc/bin/../lib/gcc/riscv-none-embed/8.2.0/rv32imac/ilp32\libgcc.a(floatsidf.o)
                              ./Libraries/seekfree_peripheral/SEEKFREE_PRINTF.o (__floatsidf)
d:/mounriver/mounriver_studio/toolchain/risc-v embedded gcc/bin/../lib/gcc/riscv-none-embed/8.2.0/rv32imac/ilp32\libgcc.a(addsf3.o)
                              ./CODE/motor.o (__addsf3)
d:/mounriver/mounriver_studio/toolchain/risc-v embedded gcc/bin/../lib/gcc/riscv-none-embed/8.2.0/rv32imac/ilp32\libgcc.a(gesf2.o)
                              ./CODE/timer_pit.o (__gtsf2)
d:/mounriver/mounriver_studio/toolchain/risc-v embedded gcc/bin/../lib/gcc/riscv-none-embed/8.2.0/rv32imac/ilp32\libgcc.a(lesf2.o)
                              ./CODE/timer_pit.o (__ltsf2)
d:/mounriver/mounriver_studio/toolchain/risc-v embedded gcc/bin/../lib/gcc/riscv-none-embed/8.2.0/rv32imac/ilp32\libgcc.a(mulsf3.o)
                              ./CODE/motor.o (__mulsf3)
d:/mounriver/mounriver_studio/toolchain/risc-v embedded gcc/bin/../lib/gcc/riscv-none-embed/8.2.0/rv32imac/ilp32\libgcc.a(subsf3.o)
                              ./CODE/motor.o (__subsf3)
d:/mounriver/mounriver_studio/toolchain/risc-v embedded gcc/bin/../lib/gcc/riscv-none-embed/8.2.0/rv32imac/ilp32\libgcc.a(fixsfsi.o)
                              ./CODE/motor.o (__fixsfsi)
d:/mounriver/mounriver_studio/toolchain/risc-v embedded gcc/bin/../lib/gcc/riscv-none-embed/8.2.0/rv32imac/ilp32\libgcc.a(floatsisf.o)
                              ./CODE/motor.o (__floatsisf)
d:/mounriver/mounriver_studio/toolchain/risc-v embedded gcc/bin/../lib/gcc/riscv-none-embed/8.2.0/rv32imac/ilp32\libgcc.a(extendsfdf2.o)
                              ./CODE/timer_pit.o (__extendsfdf2)
d:/mounriver/mounriver_studio/toolchain/risc-v embedded gcc/bin/../lib/gcc/riscv-none-embed/8.2.0/rv32imac/ilp32\libgcc.a(truncdfsf2.o)
                              ./CODE/timer_pit.o (__truncdfsf2)
d:/mounriver/mounriver_studio/toolchain/risc-v embedded gcc/bin/../lib/gcc/riscv-none-embed/8.2.0/rv32imac/ilp32\libgcc.a(_clzsi2.o)
                              d:/mounriver/mounriver_studio/toolchain/risc-v embedded gcc/bin/../lib/gcc/riscv-none-embed/8.2.0/rv32imac/ilp32\libgcc.a(adddf3.o) (__clzsi2)
d:/mounriver/mounriver_studio/toolchain/risc-v embedded gcc/bin/../lib/gcc/riscv-none-embed/8.2.0/rv32imac/ilp32\libgcc.a(_clz.o)
                              d:/mounriver/mounriver_studio/toolchain/risc-v embedded gcc/bin/../lib/gcc/riscv-none-embed/8.2.0/rv32imac/ilp32\libgcc.a(_clzsi2.o) (__clz_tab)
d:/mounriver/mounriver_studio/toolchain/risc-v embedded gcc/bin/../lib/gcc/riscv-none-embed/8.2.0/../../../../riscv-none-embed/lib/rv32imac/ilp32\libg_nano.a(lib_a-assert.o)
                              ./Libraries/seekfree_peripheral/SEEKFREE_18TFT.o (__assert_func)
d:/mounriver/mounriver_studio/toolchain/risc-v embedded gcc/bin/../lib/gcc/riscv-none-embed/8.2.0/../../../../riscv-none-embed/lib/rv32imac/ilp32\libg_nano.a(lib_a-fprintf.o)
                              d:/mounriver/mounriver_studio/toolchain/risc-v embedded gcc/bin/../lib/gcc/riscv-none-embed/8.2.0/../../../../riscv-none-embed/lib/rv32imac/ilp32\libg_nano.a(lib_a-assert.o) (fiprintf)
d:/mounriver/mounriver_studio/toolchain/risc-v embedded gcc/bin/../lib/gcc/riscv-none-embed/8.2.0/../../../../riscv-none-embed/lib/rv32imac/ilp32\libg_nano.a(lib_a-impure.o)
                              d:/mounriver/mounriver_studio/toolchain/risc-v embedded gcc/bin/../lib/gcc/riscv-none-embed/8.2.0/../../../../riscv-none-embed/lib/rv32imac/ilp32\libg_nano.a(lib_a-assert.o) (_impure_ptr)
[...]
Memory Configuration

Name             Origin             Length             Attributes
FLASH            0x0000000000000000 0x0000000000010000 xr
RAM              0x0000000020000000 0x0000000000005000 xrw
*default*        0x0000000000000000 0xffffffffffffffff

Linker script and memory map

LOAD ./USER/isr.o
LOAD ./USER/main.o
LOAD ./Libraries/wch_libraries/Startup/startup_ch32v10x.o
LOAD ./Libraries/wch_libraries/Peripheral/ch32v10x_adc.o
LOAD ./Libraries/wch_libraries/Peripheral/ch32v10x_bkp.o
LOAD ./Libraries/wch_libraries/Peripheral/ch32v10x_crc.o
LOAD ./Libraries/wch_libraries/Peripheral/ch32v10x_dbgmcu.o
LOAD ./Libraries/wch_libraries/Peripheral/ch32v10x_dma.o
LOAD ./Libraries/wch_libraries/Peripheral/ch32v10x_exti.o
LOAD ./Libraries/wch_libraries/Peripheral/ch32v10x_flash.o
LOAD ./Libraries/wch_libraries/Peripheral/ch32v10x_gpio.o
LOAD ./Libraries/wch_libraries/Peripheral/ch32v10x_i2c.o
LOAD ./Libraries/wch_libraries/Peripheral/ch32v10x_iwdg.o
LOAD ./Libraries/wch_libraries/Peripheral/ch32v10x_misc.o
LOAD ./Libraries/wch_libraries/Peripheral/ch32v10x_pwr.o
LOAD ./Libraries/wch_libraries/Peripheral/ch32v10x_rcc.o
LOAD ./Libraries/wch_libraries/Peripheral/ch32v10x_rtc.o
LOAD ./Libraries/wch_libraries/Peripheral/ch32v10x_spi.o
LOAD ./Libraries/wch_libraries/Peripheral/ch32v10x_tim.o
LOAD ./Libraries/wch_libraries/Peripheral/ch32v10x_usart.o
LOAD ./Libraries/wch_libraries/Peripheral/ch32v10x_usb.o
LOAD ./Libraries/wch_libraries/Peripheral/ch32v10x_usb_host.o
LOAD ./Libraries/wch_libraries/Peripheral/ch32v10x_wwdg.o
LOAD ./Libraries/wch_libraries/Core/core_riscv.o
LOAD ./Libraries/seekfree_peripheral/SEEKFREE_18TFT.o
LOAD ./Libraries/seekfree_peripheral/SEEKFREE_ABSOLUTE_ENCODER.o
LOAD ./Libraries/seekfree_peripheral/SEEKFREE_FONT.o
LOAD ./Libraries/seekfree_peripheral/SEEKFREE_ICM20602.o
LOAD ./Libraries/seekfree_peripheral/SEEKFREE_IIC.o
LOAD ./Libraries/seekfree_peripheral/SEEKFREE_IPS114_SPI.o
LOAD ./Libraries/seekfree_peripheral/SEEKFREE_MPU6050.o
LOAD ./Libraries/seekfree_peripheral/SEEKFREE_MT9V03X.o
LOAD ./Libraries/seekfree_peripheral/SEEKFREE_OLED.o
LOAD ./Libraries/seekfree_peripheral/SEEKFREE_PRINTF.o
LOAD ./Libraries/seekfree_peripheral/SEEKFREE_TSL1401.o
LOAD ./Libraries/seekfree_peripheral/SEEKFREE_UART_7725.o
LOAD ./Libraries/seekfree_peripheral/SEEKFREE_VIRSCO.o
LOAD ./Libraries/seekfree_peripheral/SEEKFREE_WIRELESS.o
LOAD ./Libraries/seekfree_libraries/common.o
LOAD ./Libraries/seekfree_libraries/misc.o
LOAD ./Libraries/seekfree_libraries/zf_adc.o
LOAD ./Libraries/seekfree_libraries/zf_camera.o
LOAD ./Libraries/seekfree_libraries/zf_flash.o
LOAD ./Libraries/seekfree_libraries/zf_gpio.o
LOAD ./Libraries/seekfree_libraries/zf_nvic.o
LOAD ./Libraries/seekfree_libraries/zf_pit.o
LOAD ./Libraries/seekfree_libraries/zf_pwm.o
LOAD ./Libraries/seekfree_libraries/zf_qtimer.o
LOAD ./Libraries/seekfree_libraries/zf_spi.o
LOAD ./Libraries/seekfree_libraries/zf_systick.o
LOAD ./Libraries/seekfree_libraries/zf_uart.o
LOAD ./Libraries/rtthread_libraries/src/clock.o
LOAD ./Libraries/rtthread_libraries/src/components.o
LOAD ./Libraries/rtthread_libraries/src/cpu.o
LOAD ./Libraries/rtthread_libraries/src/idle.o
LOAD ./Libraries/rtthread_libraries/src/ipc.o
LOAD ./Libraries/rtthread_libraries/src/irq.o
LOAD ./Libraries/rtthread_libraries/src/kservice.o
LOAD ./Libraries/rtthread_libraries/src/mem.o
LOAD ./Libraries/rtthread_libraries/src/memheap.o
LOAD ./Libraries/rtthread_libraries/src/mempool.o
LOAD ./Libraries/rtthread_libraries/src/object.o
LOAD ./Libraries/rtthread_libraries/src/scheduler.o
LOAD ./Libraries/rtthread_libraries/src/slab.o
LOAD ./Libraries/rtthread_libraries/src/thread.o
LOAD ./Libraries/rtthread_libraries/src/timer.o
LOAD ./Libraries/rtthread_libraries/libcpu/context_gcc.o
LOAD ./Libraries/rtthread_libraries/libcpu/cpuport.o
LOAD ./Libraries/rtthread_libraries/libcpu/interrupt_gcc.o
LOAD ./Libraries/rtthread_libraries/components/finsh/cmd.o
LOAD ./Libraries/rtthread_libraries/components/finsh/msh.o
LOAD ./Libraries/rtthread_libraries/components/finsh/shell.o
LOAD ./Libraries/board/board.o
LOAD ./Libraries/board/clock_config.o
LOAD ./CODE/button.o
LOAD ./CODE/buzzer.o
LOAD ./CODE/camera_process.o
LOAD ./CODE/display.o
LOAD ./CODE/elec.o
LOAD ./CODE/encoder.o
LOAD ./CODE/fork.o
LOAD ./CODE/motor.o
LOAD ./CODE/servo.o
LOAD ./CODE/timer_pit.o
LOAD d:/mounriver/mounriver_studio/toolchain/risc-v embedded gcc/bin/../lib/gcc/riscv-none-embed/8.2.0/../../../../riscv-none-embed/lib/rv32imac/ilp32\libm.a
LOAD d:/mounriver/mounriver_studio/toolchain/risc-v embedded gcc/bin/../lib/gcc/riscv-none-embed/8.2.0/rv32imac/ilp32\libgcc.a
LOAD d:/mounriver/mounriver_studio/toolchain/risc-v embedded gcc/bin/../lib/gcc/riscv-none-embed/8.2.0/../../../../riscv-none-embed/lib/rv32imac/ilp32\libg_nano.a
LOAD d:/mounriver/mounriver_studio/toolchain/risc-v embedded gcc/bin/../lib/gcc/riscv-none-embed/8.2.0/../../../../riscv-none-embed/lib/rv32imac/ilp32\libc_nano.a
LOAD d:/mounriver/mounriver_studio/toolchain/risc-v embedded gcc/bin/../lib/gcc/riscv-none-embed/8.2.0/rv32imac/ilp32\libgcc.a
START GROUP
LOAD d:/mounriver/mounriver_studio/toolchain/risc-v embedded gcc/bin/../lib/gcc/riscv-none-embed/8.2.0/rv32imac/ilp32\libgcc.a
LOAD d:/mounriver/mounriver_studio/toolchain/risc-v embedded gcc/bin/../lib/gcc/riscv-none-embed/8.2.0/../../../../riscv-none-embed/lib/rv32imac/ilp32\libc_nano.a
LOAD d:/mounriver/mounriver_studio/toolchain/risc-v embedded gcc/bin/../lib/gcc/riscv-none-embed/8.2.0/../../../../riscv-none-embed/lib/rv32imac/ilp32\libnosys.a
END GROUP
START GROUP
LOAD d:/mounriver/mounriver_studio/toolchain/risc-v embedded gcc/bin/../lib/gcc/riscv-none-embed/8.2.0/rv32imac/ilp32\libgcc.a
LOAD d:/mounriver/mounriver_studio/toolchain/risc-v embedded gcc/bin/../lib/gcc/riscv-none-embed/8.2.0/../../../../riscv-none-embed/lib/rv32imac/ilp32\libc_nano.a
LOAD d:/mounriver/mounriver_studio/toolchain/risc-v embedded gcc/bin/../lib/gcc/riscv-none-embed/8.2.0/../../../../riscv-none-embed/lib/rv32imac/ilp32\libnosys.a
END GROUP
                0x0000000000000100                __stack_size = 0x100
                [!provide]                        PROVIDE (_stack_size = __stack_size)

.init           0x0000000000000000       0x38
                0x0000000000000000                _sinit = .
                0x0000000000000000                . = ALIGN (0x4)
 *(SORT_NONE(.init))
 .init          0x0000000000000000       0x38 ./Libraries/wch_libraries/Startup/startup_ch32v10x.o
                0x0000000000000000                _start
                0x0000000000000038                . = ALIGN (0x4)
                0x0000000000000038                _einit = .

.vector         0x0000000000000038      0x108
 *(.vector)
 .vector        0x0000000000000038       0xf0 ./Libraries/wch_libraries/Startup/startup_ch32v10x.o
                0x0000000000000140                . = ALIGN (0x40)
 *fill*         0x0000000000000128       0x18 

.text           0x0000000000000140     0xaf04
                0x0000000000000140                . = ALIGN (0x4)
 *(.text)
 .text          0x0000000000000140       0xce ./Libraries/rtthread_libraries/libcpu/context_gcc.o
                0x0000000000000140                rt_hw_interrupt_disable
                0x0000000000000146                rt_hw_interrupt_enable
                0x000000000000014c                rt_hw_context_switch_to
                0x0000000000000160                SW_handler
                0x00000000000001c0                rt_hw_context_switch_exit
 .text          0x000000000000020e       0xa8 d:/mounriver/mounriver_studio/toolchain/risc-v embedded gcc/bin/../lib/gcc/riscv-none-embed/8.2.0/../../../../riscv-none-embed/lib/rv32imac/ilp32\libg_nano.a(lib_a-memset.o)
                0x000000000000020e                memset
 *(.text.*)
 .text.EXTI0_IRQHandler
                0x00000000000002b6       0x64 ./USER/isr.o
                0x00000000000002b6                EXTI0_IRQHandler
 .text.EXTI1_IRQHandler
                0x000000000000031a       0x84 ./USER/isr.o
                0x000000000000031a                EXTI1_IRQHandler
 .text.EXTI2_IRQHandler
                0x000000000000039e       0x64 ./USER/isr.o
                0x000000000000039e                EXTI2_IRQHandler
 .text.EXTI3_IRQHandler
                0x0000000000000402       0x64 ./USER/isr.o
                0x0000000000000402                EXTI3_IRQHandler
 .text.EXTI4_IRQHandler
                0x0000000000000466       0x64 ./USER/isr.o
                0x0000000000000466                EXTI4_IRQHandler
 .text.EXTI9_5_IRQHandler
                0x00000000000004ca       0xc6 ./USER/isr.o
                0x00000000000004ca                EXTI9_5_IRQHandler
 .text.EXTI15_10_IRQHandler
                0x0000000000000590       0xd2 ./USER/isr.o
                0x0000000000000590                EXTI15_10_IRQHandler
 .text.ADC1_2_IRQHandler
                0x0000000000000662       0x50 ./USER/isr.o
                0x0000000000000662                ADC1_2_IRQHandler
 .text.TIM1_BRK_IRQHandler
                0x00000000000006b2       0x74 ./USER/isr.o
                0x00000000000006b2                TIM1_BRK_IRQHandler
 .text.TIM1_UP_IRQHandler
                0x0000000000000726       0x70 ./USER/isr.o
                0x0000000000000726                TIM1_UP_IRQHandler
 .text.TIM1_TRG_COM_IRQHandler
                0x0000000000000796       0x98 ./USER/isr.o
                0x0000000000000796                TIM1_TRG_COM_IRQHandler
 .text.TIM1_CC_IRQHandler
                0x000000000000082e       0xd0 ./USER/isr.o
                0x000000000000082e                TIM1_CC_IRQHandler
 .text.TIM2_IRQHandler
                0x00000000000008fe       0x2e ./USER/isr.o
                0x00000000000008fe                TIM2_IRQHandler
 .text.TIM3_IRQHandler
                0x000000000000092c       0x70 ./USER/isr.o
                0x000000000000092c                TIM3_IRQHandler
 .text.TIM4_IRQHandler
                0x000000000000099c       0x70 ./USER/isr.o
                0x000000000000099c                TIM4_IRQHandler
 .text.USART2_IRQHandler
                0x0000000000000a0c       0x82 ./USER/isr.o
                0x0000000000000a0c                USART2_IRQHandler
 .text.USART3_IRQHandler
                0x0000000000000a8e       0x50 ./USER/isr.o
                0x0000000000000a8e                USART3_IRQHandler
 .text.DMA1_Channel4_IRQHandler
                0x0000000000000ade       0x82 ./USER/isr.o
                0x0000000000000ade                DMA1_Channel4_IRQHandler
 .text.NMI_Handler
                0x0000000000000b60       0x50 ./USER/isr.o
                0x0000000000000b60                NMI_Handler
 .text.HardFault_Handler
                0x0000000000000bb0       0x28 ./USER/isr.o
                0x0000000000000bb0                HardFault_Handler
 .text.WWDG_IRQHandler
                0x0000000000000bd8       0x50 ./USER/isr.o
                0x0000000000000bd8                WWDG_IRQHandler
 .text.TAMPER_IRQHandler
                0x0000000000000c28       0x12 ./USER/isr.o
                0x0000000000000c28                TAMPER_IRQHandler
 .text.RTC_IRQHandler
                0x0000000000000c3a       0x12 ./USER/isr.o
                0x0000000000000c3a                RTC_IRQHandler
 .text.FLASH_IRQHandler
                0x0000000000000c4c       0x12 ./USER/isr.o
                0x0000000000000c4c                FLASH_IRQHandler
 .text.RCC_IRQHandler
                0x0000000000000c5e       0x12 ./USER/isr.o
                0x0000000000000c5e                RCC_IRQHandler
 .text.DMA1_Channel1_IRQHandler
                0x0000000000000c70       0x50 ./USER/isr.o
                0x0000000000000c70                DMA1_Channel1_IRQHandler
 .text.DMA1_Channel2_IRQHandler
                0x0000000000000cc0       0x50 ./USER/isr.o
                0x0000000000000cc0                DMA1_Channel2_IRQHandler
 .text.DMA1_Channel3_IRQHandler
                0x0000000000000d10       0x50 ./USER/isr.o
                0x0000000000000d10                DMA1_Channel3_IRQHandler
 .text.DMA1_Channel5_IRQHandler
                0x0000000000000d60       0x50 ./USER/isr.o
                0x0000000000000d60                DMA1_Channel5_IRQHandler
 .text.DMA1_Channel6_IRQHandler
                0x0000000000000db0       0x50 ./USER/isr.o
                0x0000000000000db0                DMA1_Channel6_IRQHandler
 .text.DMA1_Channel7_IRQHandler
                0x0000000000000e00       0x50 ./USER/isr.o
                0x0000000000000e00                DMA1_Channel7_IRQHandler
 .text.main     0x0000000000000e50      0x174 ./USER/main.o
                0x0000000000000e50                main
 .text.handle_reset
                0x0000000000000fc4       0x86 ./Libraries/wch_libraries/Startup/startup_ch32v10x.o
                0x0000000000000fc4                handle_reset
 .text.ADC_RegularChannelConfig
                0x000000000000104a       0xba ./Libraries/wch_libraries/Peripheral/ch32v10x_adc.o
                0x000000000000104a                ADC_RegularChannelConfig
 .text.DMA_DeInit
                0x0000000000001104      0x174 ./Libraries/wch_libraries/Peripheral/ch32v10x_dma.o
                0x0000000000001104                DMA_DeInit
 .text.DMA_Init
                0x0000000000001278       0x38 ./Libraries/wch_libraries/Peripheral/ch32v10x_dma.o
                0x0000000000001278                DMA_Init
 .text.DMA_Cmd  0x00000000000012b0       0x18 ./Libraries/wch_libraries/Peripheral/ch32v10x_dma.o
                0x00000000000012b0                DMA_Cmd
 .text.DMA_ITConfig
                0x00000000000012c8       0x16 ./Libraries/wch_libraries/Peripheral/ch32v10x_dma.o
                0x00000000000012c8                DMA_ITConfig
 .text.DMA_GetFlagStatus
                0x00000000000012de       0x20 ./Libraries/wch_libraries/Peripheral/ch32v10x_dma.o
                0x00000000000012de                DMA_GetFlagStatus
 .text.DMA_ClearFlag
                0x00000000000012fe       0x1a ./Libraries/wch_libraries/Peripheral/ch32v10x_dma.o
                0x00000000000012fe                DMA_ClearFlag
 .text.EXTI_Init
                0x0000000000001318       0xa2 ./Libraries/wch_libraries/Peripheral/ch32v10x_exti.o
                0x0000000000001318                EXTI_Init
 .text.EXTI_GetITStatus
                0x00000000000013ba       0x1c ./Libraries/wch_libraries/Peripheral/ch32v10x_exti.o
                0x00000000000013ba                EXTI_GetITStatus
 .text.EXTI_ClearITPendingBit
                0x00000000000013d6        0xa ./Libraries/wch_libraries/Peripheral/ch32v10x_exti.o
                0x00000000000013d6                EXTI_ClearITPendingBit
 .text.GPIO_Init
                0x00000000000013e0       0xca ./Libraries/wch_libraries/Peripheral/ch32v10x_gpio.o
                0x00000000000013e0                GPIO_Init
 .text.GPIO_WriteBit
                0x00000000000014aa        0xa ./Libraries/wch_libraries/Peripheral/ch32v10x_gpio.o
                0x00000000000014aa                GPIO_WriteBit
 .text.GPIO_PinRemapConfig
                0x00000000000014b4       0x9a ./Libraries/wch_libraries/Peripheral/ch32v10x_gpio.o
                0x00000000000014b4                GPIO_PinRemapConfig
 .text.GPIO_EXTILineConfig
                0x000000000000154e       0x2c ./Libraries/wch_libraries/Peripheral/ch32v10x_gpio.o
                0x000000000000154e                GPIO_EXTILineConfig
 .text.NVIC_Init
                0x000000000000157a       0xae ./Libraries/wch_libraries/Peripheral/ch32v10x_misc.o
                0x000000000000157a                NVIC_Init
 .text.RCC_GetClocksFreq
                0x0000000000001628       0xf2 ./Libraries/wch_libraries/Peripheral/ch32v10x_rcc.o
                0x0000000000001628                RCC_GetClocksFreq
 .text.RCC_AHBPeriphClockCmd
                0x000000000000171a       0x1e ./Libraries/wch_libraries/Peripheral/ch32v10x_rcc.o
                0x000000000000171a                RCC_AHBPeriphClockCmd
 .text.RCC_APB2PeriphClockCmd
                0x0000000000001738       0x1e ./Libraries/wch_libraries/Peripheral/ch32v10x_rcc.o
                0x0000000000001738                RCC_APB2PeriphClockCmd
 .text.RCC_APB1PeriphClockCmd
                0x0000000000001756       0x1e ./Libraries/wch_libraries/Peripheral/ch32v10x_rcc.o
                0x0000000000001756                RCC_APB1PeriphClockCmd
 .text.SPI_Init
                0x0000000000001774       0x5a ./Libraries/wch_libraries/Peripheral/ch32v10x_spi.o
                0x0000000000001774                SPI_Init
 .text.SPI_Cmd  0x00000000000017ce       0x26 ./Libraries/wch_libraries/Peripheral/ch32v10x_spi.o
                0x00000000000017ce                SPI_Cmd
 .text.TIM_TimeBaseInit
                0x00000000000017f4       0xb6 ./Libraries/wch_libraries/Peripheral/ch32v10x_tim.o
                0x00000000000017f4                TIM_TimeBaseInit
 .text.TIM_OC1Init
                0x00000000000018aa       0x8a ./Libraries/wch_libraries/Peripheral/ch32v10x_tim.o
                0x00000000000018aa                TIM_OC1Init
 .text.TIM_OC2Init
                0x0000000000001934       0xb2 ./Libraries/wch_libraries/Peripheral/ch32v10x_tim.o
                0x0000000000001934                TIM_OC2Init
 .text.TIM_OC3Init
                0x00000000000019e6       0xb0 ./Libraries/wch_libraries/Peripheral/ch32v10x_tim.o
                0x00000000000019e6                TIM_OC3Init
 .text.TIM_OC4Init
                0x0000000000001a96       0x84 ./Libraries/wch_libraries/Peripheral/ch32v10x_tim.o
                0x0000000000001a96                TIM_OC4Init
 .text.TIM_Cmd  0x0000000000001b1a       0x24 ./Libraries/wch_libraries/Peripheral/ch32v10x_tim.o
                0x0000000000001b1a                TIM_Cmd
 .text.TIM_CtrlPWMOutputs
                0x0000000000001b3e       0x1e ./Libraries/wch_libraries/Peripheral/ch32v10x_tim.o
                0x0000000000001b3e                TIM_CtrlPWMOutputs
 .text.TIM_DMACmd
                0x0000000000001b5c       0x1e ./Libraries/wch_libraries/Peripheral/ch32v10x_tim.o
                0x0000000000001b5c                TIM_DMACmd
 .text.TIM_ETRConfig
                0x0000000000001b7a       0x1a ./Libraries/wch_libraries/Peripheral/ch32v10x_tim.o
                0x0000000000001b7a                TIM_ETRConfig
 .text.TIM_ETRClockMode1Config
                0x0000000000001b94       0x1e ./Libraries/wch_libraries/Peripheral/ch32v10x_tim.o
                0x0000000000001b94                TIM_ETRClockMode1Config
 .text.TIM_SelectInputTrigger
                0x0000000000001bb2       0x14 ./Libraries/wch_libraries/Peripheral/ch32v10x_tim.o
                0x0000000000001bb2                TIM_SelectInputTrigger
 .text.TIM_OC1PreloadConfig
                0x0000000000001bc6       0x12 ./Libraries/wch_libraries/Peripheral/ch32v10x_tim.o
                0x0000000000001bc6                TIM_OC1PreloadConfig
 .text.TIM_OC2PreloadConfig
                0x0000000000001bd8       0x1a ./Libraries/wch_libraries/Peripheral/ch32v10x_tim.o
                0x0000000000001bd8                TIM_OC2PreloadConfig
 .text.TIM_OC3PreloadConfig
                0x0000000000001bf2       0x12 ./Libraries/wch_libraries/Peripheral/ch32v10x_tim.o
                0x0000000000001bf2                TIM_OC3PreloadConfig
 .text.TIM_OC4PreloadConfig
                0x0000000000001c04       0x1a ./Libraries/wch_libraries/Peripheral/ch32v10x_tim.o
                0x0000000000001c04                TIM_OC4PreloadConfig
 .text.TIM_OC1FastConfig
                0x0000000000001c1e       0x12 ./Libraries/wch_libraries/Peripheral/ch32v10x_tim.o
                0x0000000000001c1e                TIM_OC1FastConfig
 .text.TIM_OC2FastConfig
                0x0000000000001c30       0x1a ./Libraries/wch_libraries/Peripheral/ch32v10x_tim.o
                0x0000000000001c30                TIM_OC2FastConfig
 .text.TIM_OC3FastConfig
                0x0000000000001c4a       0x12 ./Libraries/wch_libraries/Peripheral/ch32v10x_tim.o
                0x0000000000001c4a                TIM_OC3FastConfig
 .text.TIM_OC4FastConfig
                0x0000000000001c5c       0x1a ./Libraries/wch_libraries/Peripheral/ch32v10x_tim.o
                0x0000000000001c5c                TIM_OC4FastConfig
 .text.TIM_SelectSlaveMode
                0x0000000000001c76       0x1e ./Libraries/wch_libraries/Peripheral/ch32v10x_tim.o
                0x0000000000001c76                TIM_SelectSlaveMode
 .text.TIM_SelectMasterSlaveMode
                0x0000000000001c94       0x20 ./Libraries/wch_libraries/Peripheral/ch32v10x_tim.o
                0x0000000000001c94                TIM_SelectMasterSlaveMode
 .text.TIM_GetITStatus
                0x0000000000001cb4       0x1c ./Libraries/wch_libraries/Peripheral/ch32v10x_tim.o
                0x0000000000001cb4                TIM_GetITStatus
 .text.TIM_ClearITPendingBit
                0x0000000000001cd0        0xe ./Libraries/wch_libraries/Peripheral/ch32v10x_tim.o
                0x0000000000001cd0                TIM_ClearITPendingBit
 .text.USART_Init
                0x0000000000001cde       0xf8 ./Libraries/wch_libraries/Peripheral/ch32v10x_usart.o
                0x0000000000001cde                USART_Init
 .text.USART_Cmd
                0x0000000000001dd6       0x20 ./Libraries/wch_libraries/Peripheral/ch32v10x_usart.o
                0x0000000000001dd6                USART_Cmd
 .text.USART_ITConfig
                0x0000000000001df6       0x3c ./Libraries/wch_libraries/Peripheral/ch32v10x_usart.o
                0x0000000000001df6                USART_ITConfig
 .text.USART_SendData
                0x0000000000001e32        0xa ./Libraries/wch_libraries/Peripheral/ch32v10x_usart.o
                0x0000000000001e32                USART_SendData
 .text.USART_GetFlagStatus
                0x0000000000001e3c        0xc ./Libraries/wch_libraries/Peripheral/ch32v10x_usart.o
                0x0000000000001e3c                USART_GetFlagStatus
 .text.USART_GetITStatus
                0x0000000000001e48       0x4c ./Libraries/wch_libraries/Peripheral/ch32v10x_usart.o
                0x0000000000001e48                USART_GetITStatus
 .text.spi_wr_byte
                0x0000000000001e94       0x20 ./Libraries/seekfree_peripheral/SEEKFREE_ABSOLUTE_ENCODER.o
                0x0000000000001e94                spi_wr_byte
 .text.encoder_spi_w_reg_byte
                0x0000000000001eb4       0x6a ./Libraries/seekfree_peripheral/SEEKFREE_ABSOLUTE_ENCODER.o
                0x0000000000001eb4                encoder_spi_w_reg_byte
 .text.set_zero_position_spi
                0x0000000000001f1e       0x36 ./Libraries/seekfree_peripheral/SEEKFREE_ABSOLUTE_ENCODER.o
                0x0000000000001f1e                set_zero_position_spi
 .text.encoder1_speed_spi
                0x0000000000001f54       0x7a ./Libraries/seekfree_peripheral/SEEKFREE_ABSOLUTE_ENCODER.o
                0x0000000000001f54                encoder1_speed_spi
 .text.encoder2_speed_spi
                0x0000000000001fce       0x7a ./Libraries/seekfree_peripheral/SEEKFREE_ABSOLUTE_ENCODER.o
                0x0000000000001fce                encoder2_speed_spi
 .text.encoder3_speed_spi
                0x0000000000002048       0x7a ./Libraries/seekfree_peripheral/SEEKFREE_ABSOLUTE_ENCODER.o
                0x0000000000002048                encoder3_speed_spi
 .text.encoder4_speed_spi
                0x00000000000020c2       0x7a ./Libraries/seekfree_peripheral/SEEKFREE_ABSOLUTE_ENCODER.o
                0x00000000000020c2                encoder4_speed_spi
 .text.encoder_init_spi
                0x000000000000213c       0x36 ./Libraries/seekfree_peripheral/SEEKFREE_ABSOLUTE_ENCODER.o
                0x000000000000213c                encoder_init_spi
 .text.icm_spi_w_reg_byte
                0x0000000000002172       0x36 ./Libraries/seekfree_peripheral/SEEKFREE_ICM20602.o
                0x0000000000002172                icm_spi_w_reg_byte
 .text.icm_spi_r_reg_byte
                0x00000000000021a8       0x4c ./Libraries/seekfree_peripheral/SEEKFREE_ICM20602.o
                0x00000000000021a8                icm_spi_r_reg_byte
 .text.icm_spi_r_reg_bytes
                0x00000000000021f4       0x2e ./Libraries/seekfree_peripheral/SEEKFREE_ICM20602.o
                0x00000000000021f4                icm_spi_r_reg_bytes
 .text.icm20602_self3_check
                0x0000000000002222       0x2e ./Libraries/seekfree_peripheral/SEEKFREE_ICM20602.o
                0x0000000000002222                icm20602_self3_check
 .text.icm20602_init_spi
                0x0000000000002250       0x92 ./Libraries/seekfree_peripheral/SEEKFREE_ICM20602.o
                0x0000000000002250                icm20602_init_spi
 .text.get_icm20602_gyro_spi
                0x00000000000022e2       0x28 ./Libraries/seekfree_peripheral/SEEKFREE_ICM20602.o
                0x00000000000022e2                get_icm20602_gyro_spi
 .text.mt9v03x_uart_callback
                0x000000000000230a       0x58 ./Libraries/seekfree_peripheral/SEEKFREE_MT9V03X.o
                0x000000000000230a                mt9v03x_uart_callback
 .text.set_config
                0x0000000000002362       0x8c ./Libraries/seekfree_peripheral/SEEKFREE_MT9V03X.o
                0x0000000000002362                set_config
 .text.get_config
                0x00000000000023ee       0x90 ./Libraries/seekfree_peripheral/SEEKFREE_MT9V03X.o
                0x00000000000023ee                get_config
 .text.mt9v03x_vsync_init
                0x000000000000247e       0x1e ./Libraries/seekfree_peripheral/SEEKFREE_MT9V03X.o
                0x000000000000247e                mt9v03x_vsync_init
 .text.mt9v03x_tim1_etr_init
                0x000000000000249c       0x10 ./Libraries/seekfree_peripheral/SEEKFREE_MT9V03X.o
                0x000000000000249c                mt9v03x_tim1_etr_init
 .text.mt9v03x_dma_init
                0x00000000000024ac       0x4e ./Libraries/seekfree_peripheral/SEEKFREE_MT9V03X.o
                0x00000000000024ac                mt9v03x_dma_init
 .text.mt9v03x_init
                0x00000000000024fa       0x76 ./Libraries/seekfree_peripheral/SEEKFREE_MT9V03X.o
                0x00000000000024fa                mt9v03x_init
 .text.mt9v03x_vsync
                0x0000000000002570       0x16 ./Libraries/seekfree_peripheral/SEEKFREE_MT9V03X.o
                0x0000000000002570                mt9v03x_vsync
 .text.mt9v03x_dma
                0x0000000000002586       0x26 ./Libraries/seekfree_peripheral/SEEKFREE_MT9V03X.o
                0x0000000000002586                mt9v03x_dma
 .text.ccd_collect
                0x00000000000025ac       0x5c ./Libraries/seekfree_peripheral/SEEKFREE_TSL1401.o
                0x00000000000025ac                ccd_collect
 .text.ov7725_cof_uart_interrupt
                0x0000000000002608       0x58 ./Libraries/seekfree_peripheral/SEEKFREE_UART_7725.o
                0x0000000000002608                ov7725_cof_uart_interrupt
 .text.ov7725_uart_vsync
                0x0000000000002660       0x16 ./Libraries/seekfree_peripheral/SEEKFREE_UART_7725.o
                0x0000000000002660                ov7725_uart_vsync
 .text.ov7725_uart_dma
                0x0000000000002676       0x16 ./Libraries/seekfree_peripheral/SEEKFREE_UART_7725.o
                0x0000000000002676                ov7725_uart_dma
 .text.adc_convert
                0x000000000000268c       0x52 ./Libraries/seekfree_libraries/zf_adc.o
                0x000000000000268c                adc_convert
 .text.camera_dma_init
                0x00000000000026de       0xfc ./Libraries/seekfree_libraries/zf_camera.o
                0x00000000000026de                camera_dma_init
 .text.camera_tim_etr_init
                0x00000000000027da       0xcc ./Libraries/seekfree_libraries/zf_camera.o
                0x00000000000027da                camera_tim_etr_init
 .text.gpio_init
                0x00000000000028a6      0x112 ./Libraries/seekfree_libraries/zf_gpio.o
                0x00000000000028a6                gpio_init
 .text.gpio_set
                0x00000000000029b8       0x3a ./Libraries/seekfree_libraries/zf_gpio.o
                0x00000000000029b8                gpio_set
 .text.gpio_get
                0x00000000000029f2       0x22 ./Libraries/seekfree_libraries/zf_gpio.o
                0x00000000000029f2                gpio_get
 .text.gpio_interrupt_init
                0x0000000000002a14       0x52 ./Libraries/seekfree_libraries/zf_gpio.o
                0x0000000000002a14                gpio_interrupt_init
 .text.close_all_irq
                0x0000000000002a66       0x10 ./Libraries/seekfree_libraries/zf_nvic.o
                0x0000000000002a66                close_all_irq
 .text.nvic_init
                0x0000000000002a76       0x54 ./Libraries/seekfree_libraries/zf_nvic.o
                0x0000000000002a76                nvic_init
 .text.pwm_gpio_init
                0x0000000000002aca      0x292 ./Libraries/seekfree_libraries/zf_pwm.o
                0x0000000000002aca                pwm_gpio_init
 .text.pwm_init
                0x0000000000002d5c      0x206 ./Libraries/seekfree_libraries/zf_pwm.o
                0x0000000000002d5c                pwm_init
 .text.pwm_duty
                0x0000000000002f62       0x90 ./Libraries/seekfree_libraries/zf_pwm.o
                0x0000000000002f62                pwm_duty
 .text.spi_gpio_init
                0x0000000000002ff2      0x15c ./Libraries/seekfree_libraries/zf_spi.o
                0x0000000000002ff2                spi_gpio_init
 .text.spi_init
                0x000000000000314e       0xfa ./Libraries/seekfree_libraries/zf_spi.o
                0x000000000000314e                spi_init
 .text.spi_mosi
                0x0000000000003248       0x3a ./Libraries/seekfree_libraries/zf_spi.o
                0x0000000000003248                spi_mosi
 .text.systick_delay
                0x0000000000003282        0xa ./Libraries/seekfree_libraries/zf_systick.o
                0x0000000000003282                systick_delay
 .text.systick_delay2
                0x000000000000328c        0xe ./Libraries/seekfree_libraries/zf_systick.o
                0x000000000000328c                systick_delay2
 .text.uart_gpio_init
                0x000000000000329a       0xc6 ./Libraries/seekfree_libraries/zf_uart.o
                0x000000000000329a                uart_gpio_init
 .text.uart_init
                0x0000000000003360       0xc8 ./Libraries/seekfree_libraries/zf_uart.o
                0x0000000000003360                uart_init
 .text.uart_putchar
                0x0000000000003428       0x20 ./Libraries/seekfree_libraries/zf_uart.o
                0x0000000000003428                uart_putchar
 .text.uart_putbuff
                0x0000000000003448       0x30 ./Libraries/seekfree_libraries/zf_uart.o
                0x0000000000003448                uart_putbuff
 .text.uart_rx_irq
                0x0000000000003478       0x3c ./Libraries/seekfree_libraries/zf_uart.o
                0x0000000000003478                uart_rx_irq
 .text.uart_getchar
                0x00000000000034b4       0x20 ./Libraries/seekfree_libraries/zf_uart.o
                0x00000000000034b4                uart_getchar
 .text.uart_query
                0x00000000000034d4       0x26 ./Libraries/seekfree_libraries/zf_uart.o
                0x00000000000034d4                uart_query
 .text.rt_tick_get
                0x00000000000034fa        0x6 ./Libraries/rtthread_libraries/src/clock.o
                0x00000000000034fa                rt_tick_get
 .text.rt_tick_increase
                0x0000000000003500       0x2e ./Libraries/rtthread_libraries/src/clock.o
                0x0000000000003500                rt_tick_increase
 .text.rt_tick_from_millisecond
                0x000000000000352e       0x28 ./Libraries/rtthread_libraries/src/clock.o
                0x000000000000352e                rt_tick_from_millisecond
 .text.rti_start
                0x0000000000003556        0x4 ./Libraries/rtthread_libraries/src/components.o
 .text.rti_board_start
                0x000000000000355a        0x4 ./Libraries/rtthread_libraries/src/components.o
 .text.rti_board_end
                0x000000000000355e        0x4 ./Libraries/rtthread_libraries/src/components.o
 .text.rti_end  0x0000000000003562        0x4 ./Libraries/rtthread_libraries/src/components.o
 .text.rt_components_board_init
                0x0000000000003566       0x46 ./Libraries/rtthread_libraries/src/components.o
                0x0000000000003566                rt_components_board_init
 .text.rt_components_init
                0x00000000000035ac       0x46 ./Libraries/rtthread_libraries/src/components.o
                0x00000000000035ac                rt_components_init
 .text.main_thread_entry
                0x00000000000035f2       0x10 ./Libraries/rtthread_libraries/src/components.o
                0x00000000000035f2                main_thread_entry
 .text.rt_application_init
                0x0000000000003602       0x2c ./Libraries/rtthread_libraries/src/components.o
                0x0000000000003602                rt_application_init
 .text.rtthread_startup
                0x000000000000362e       0x2c ./Libraries/rtthread_libraries/src/components.o
                0x000000000000362e                rtthread_startup
 .text.entry    0x000000000000365a        0xe ./Libraries/rtthread_libraries/src/components.o
                0x000000000000365a                entry
 .text.rt_thread_idle_excute
                0x0000000000003668       0xa8 ./Libraries/rtthread_libraries/src/idle.o
                0x0000000000003668                rt_thread_idle_excute
 .text.rt_thread_idle_entry
                0x0000000000003710        0x8 ./Libraries/rtthread_libraries/src/idle.o
 .text.rt_thread_idle_init
                0x0000000000003718       0x46 ./Libraries/rtthread_libraries/src/idle.o
                0x0000000000003718                rt_thread_idle_init
 .text.rt_sem_init
                0x000000000000375e       0x36 ./Libraries/rtthread_libraries/src/ipc.o
                0x000000000000375e                rt_sem_init
 .text.rt_sem_create
                0x0000000000003794       0x30 ./Libraries/rtthread_libraries/src/ipc.o
                0x0000000000003794                rt_sem_create
 .text.rt_sem_take
                0x00000000000037c4       0xea ./Libraries/rtthread_libraries/src/ipc.o
                0x00000000000037c4                rt_sem_take
 .text.rt_sem_release
                0x00000000000038ae       0x48 ./Libraries/rtthread_libraries/src/ipc.o
                0x00000000000038ae                rt_sem_release
 .text.rt_mb_create
                0x00000000000038f6       0x66 ./Libraries/rtthread_libraries/src/ipc.o
                0x00000000000038f6                rt_mb_create
 .text.rt_mb_send_wait
                0x000000000000395c      0x1a4 ./Libraries/rtthread_libraries/src/ipc.o
                0x000000000000395c                rt_mb_send_wait
 .text.rt_mb_send
                0x0000000000003b00       0x10 ./Libraries/rtthread_libraries/src/ipc.o
                0x0000000000003b00                rt_mb_send
 .text.rt_mb_recv
                0x0000000000003b10      0x1a2 ./Libraries/rtthread_libraries/src/ipc.o
                0x0000000000003b10                rt_mb_recv
 .text.rt_interrupt_enter
                0x0000000000003cb2       0x24 ./Libraries/rtthread_libraries/src/irq.o
                0x0000000000003cb2                rt_interrupt_enter
 .text.rt_interrupt_leave
                0x0000000000003cd6       0x24 ./Libraries/rtthread_libraries/src/irq.o
                0x0000000000003cd6                rt_interrupt_leave
 .text.print_number
                0x0000000000003cfa      0x1b6 ./Libraries/rtthread_libraries/src/kservice.o
 .text.rt_memset
                0x0000000000003eb0       0x8e ./Libraries/rtthread_libraries/src/kservice.o
                0x0000000000003eb0                rt_memset
 .text.rt_memmove
                0x0000000000003f3e       0x40 ./Libraries/rtthread_libraries/src/kservice.o
                0x0000000000003f3e                rt_memmove
 .text.rt_strncpy
                0x0000000000003f7e       0x30 ./Libraries/rtthread_libraries/src/kservice.o
                0x0000000000003f7e                rt_strncpy
 .text.rt_strlen
                0x0000000000003fae       0x1a ./Libraries/rtthread_libraries/src/kservice.o
                0x0000000000003fae                rt_strlen
 .text.rt_vsnprintf
                0x0000000000003fc8      0x3ce ./Libraries/rtthread_libraries/src/kservice.o
                0x0000000000003fc8                rt_vsnprintf
 .text.rt_kprintf
                0x0000000000004396       0x3a ./Libraries/rtthread_libraries/src/kservice.o
                0x0000000000004396                rt_kprintf
 .text.rt_show_version
                0x00000000000043d0       0x48 ./Libraries/rtthread_libraries/src/kservice.o
                0x00000000000043d0                rt_show_version
 .text.__rt_ffs
                0x0000000000004418       0x68 ./Libraries/rtthread_libraries/src/kservice.o
                0x0000000000004418                __rt_ffs
 .text.plug_holes
                0x0000000000004480       0x60 ./Libraries/rtthread_libraries/src/mem.o
 .text.list_mem
                0x00000000000044e0       0x3a ./Libraries/rtthread_libraries/src/mem.o
                0x00000000000044e0                list_mem
 .text.rt_system_heap_init
                0x000000000000451a       0x90 ./Libraries/rtthread_libraries/src/mem.o
                0x000000000000451a                rt_system_heap_init
 .text.rt_malloc
                0x00000000000045aa      0x13c ./Libraries/rtthread_libraries/src/mem.o
                0x00000000000045aa                rt_malloc
 .text.rt_calloc
                0x00000000000046e6       0x2a ./Libraries/rtthread_libraries/src/mem.o
                0x00000000000046e6                rt_calloc
 .text.rt_free  0x0000000000004710       0xb4 ./Libraries/rtthread_libraries/src/mem.o
                0x0000000000004710                rt_free
 .text.rt_object_get_information
                0x00000000000047c4       0x3a ./Libraries/rtthread_libraries/src/object.o
                0x00000000000047c4                rt_object_get_information
 .text.rt_object_init
                0x00000000000047fe       0x72 ./Libraries/rtthread_libraries/src/object.o
                0x00000000000047fe                rt_object_init
 .text.rt_object_detach
                0x0000000000004870       0x2e ./Libraries/rtthread_libraries/src/object.o
                0x0000000000004870                rt_object_detach
 .text.rt_object_allocate
                0x000000000000489e       0x64 ./Libraries/rtthread_libraries/src/object.o
                0x000000000000489e                rt_object_allocate
 .text.rt_object_delete
                0x0000000000004902       0x34 ./Libraries/rtthread_libraries/src/object.o
                0x0000000000004902                rt_object_delete
 .text.rt_object_is_systemobject
                0x0000000000004936        0x8 ./Libraries/rtthread_libraries/src/object.o
                0x0000000000004936                rt_object_is_systemobject
 .text.rt_system_scheduler_init
                0x000000000000493e       0x32 ./Libraries/rtthread_libraries/src/scheduler.o
                0x000000000000493e                rt_system_scheduler_init
 .text.rt_system_scheduler_start
                0x0000000000004970       0x32 ./Libraries/rtthread_libraries/src/scheduler.o
                0x0000000000004970                rt_system_scheduler_start
 .text.rt_schedule
                0x00000000000049a2       0x74 ./Libraries/rtthread_libraries/src/scheduler.o
                0x00000000000049a2                rt_schedule
 .text.rt_schedule_insert_thread
                0x0000000000004a16       0x54 ./Libraries/rtthread_libraries/src/scheduler.o
                0x0000000000004a16                rt_schedule_insert_thread
 .text.rt_schedule_remove_thread
                0x0000000000004a6a       0x54 ./Libraries/rtthread_libraries/src/scheduler.o
                0x0000000000004a6a                rt_schedule_remove_thread
 .text.rt_enter_critical
                0x0000000000004abe       0x20 ./Libraries/rtthread_libraries/src/scheduler.o
                0x0000000000004abe                rt_enter_critical
 .text.rt_exit_critical
                0x0000000000004ade       0x3c ./Libraries/rtthread_libraries/src/scheduler.o
                0x0000000000004ade                rt_exit_critical
 .text.rt_thread_exit
                0x0000000000004b1a       0x66 ./Libraries/rtthread_libraries/src/thread.o
                0x0000000000004b1a                rt_thread_exit
 .text.rt_thread_timeout
                0x0000000000004b80       0x28 ./Libraries/rtthread_libraries/src/thread.o
                0x0000000000004b80                rt_thread_timeout
 .text.rt_thread_init
                0x0000000000004ba8       0xb0 ./Libraries/rtthread_libraries/src/thread.o
                0x0000000000004ba8                rt_thread_init
 .text.rt_thread_self
                0x0000000000004c58        0x6 ./Libraries/rtthread_libraries/src/thread.o
                0x0000000000004c58                rt_thread_self
 .text.rt_thread_create
                0x0000000000004c5e       0xc0 ./Libraries/rtthread_libraries/src/thread.o
                0x0000000000004c5e                rt_thread_create
 .text.rt_thread_yield
                0x0000000000004d1e       0x60 ./Libraries/rtthread_libraries/src/thread.o
                0x0000000000004d1e                rt_thread_yield
 .text.rt_thread_suspend
                0x0000000000004d7e       0x4c ./Libraries/rtthread_libraries/src/thread.o
                0x0000000000004d7e                rt_thread_suspend
 .text.rt_thread_sleep
                0x0000000000004dca       0x52 ./Libraries/rtthread_libraries/src/thread.o
                0x0000000000004dca                rt_thread_sleep
 .text.rt_thread_mdelay
                0x0000000000004e1c       0x12 ./Libraries/rtthread_libraries/src/thread.o
                0x0000000000004e1c                rt_thread_mdelay
 .text.rt_thread_resume
                0x0000000000004e2e       0x50 ./Libraries/rtthread_libraries/src/thread.o
                0x0000000000004e2e                rt_thread_resume
 .text.rt_thread_startup
                0x0000000000004e7e       0x30 ./Libraries/rtthread_libraries/src/thread.o
                0x0000000000004e7e                rt_thread_startup
 .text.rt_timer_init
                0x0000000000004eae       0x4e ./Libraries/rtthread_libraries/src/timer.o
                0x0000000000004eae                rt_timer_init
 .text.rt_timer_detach
                0x0000000000004efc       0x32 ./Libraries/rtthread_libraries/src/timer.o
                0x0000000000004efc                rt_timer_detach
 .text.rt_timer_create
                0x0000000000004f2e       0x48 ./Libraries/rtthread_libraries/src/timer.o
                0x0000000000004f2e                rt_timer_create
 .text.rt_timer_start
                0x0000000000004f76       0x9c ./Libraries/rtthread_libraries/src/timer.o
                0x0000000000004f76                rt_timer_start
 .text.rt_timer_stop
                0x0000000000005012       0x42 ./Libraries/rtthread_libraries/src/timer.o
                0x0000000000005012                rt_timer_stop
 .text.rt_timer_control
                0x0000000000005054       0x40 ./Libraries/rtthread_libraries/src/timer.o
                0x0000000000005054                rt_timer_control
 .text.rt_timer_check
                0x0000000000005094       0x90 ./Libraries/rtthread_libraries/src/timer.o
                0x0000000000005094                rt_timer_check
 .text.rt_system_timer_init
                0x0000000000005124        0xa ./Libraries/rtthread_libraries/src/timer.o
                0x0000000000005124                rt_system_timer_init
 .text.rt_system_timer_thread_init
                0x000000000000512e        0x2 ./Libraries/rtthread_libraries/src/timer.o
                0x000000000000512e                rt_system_timer_thread_init
 .text.rt_hw_stack_init
                0x0000000000005130       0x34 ./Libraries/rtthread_libraries/libcpu/cpuport.o
                0x0000000000005130                rt_hw_stack_init
 .text.rt_hw_taskswitch
                0x0000000000005164        0x6 ./Libraries/rtthread_libraries/libcpu/cpuport.o
                0x0000000000005164                rt_hw_taskswitch
 .text.rt_hw_context_switch
                0x000000000000516a       0x14 ./Libraries/rtthread_libraries/libcpu/cpuport.o
                0x000000000000516a                rt_hw_context_switch
 .text.rt_hw_context_switch_interrupt
                0x000000000000517e       0x20 ./Libraries/rtthread_libraries/libcpu/cpuport.o
                0x000000000000517e                rt_hw_context_switch_interrupt
 .text.hello    0x000000000000519e       0x18 ./Libraries/rtthread_libraries/components/finsh/cmd.o
                0x000000000000519e                hello
 .text.show_wait_queue
                0x00000000000051b6       0x4c ./Libraries/rtthread_libraries/components/finsh/cmd.o
 .text.version  0x0000000000005202       0x10 ./Libraries/rtthread_libraries/components/finsh/cmd.o
                0x0000000000005202                version
 .text.list_get_next
                0x0000000000005212       0x88 ./Libraries/rtthread_libraries/components/finsh/cmd.o
 .text.list_thread
                0x000000000000529a      0x1b0 ./Libraries/rtthread_libraries/components/finsh/cmd.o
                0x000000000000529a                list_thread
 .text.list     0x000000000000544a       0x68 ./Libraries/rtthread_libraries/components/finsh/cmd.o
                0x000000000000544a                list
 .text.list_timer
                0x00000000000054b2      0x10e ./Libraries/rtthread_libraries/components/finsh/cmd.o
                0x00000000000054b2                list_timer
 .text.list_mailbox
                0x00000000000055c0      0x128 ./Libraries/rtthread_libraries/components/finsh/cmd.o
                0x00000000000055c0                list_mailbox
 .text.list_event
                0x00000000000056e8      0x11a ./Libraries/rtthread_libraries/components/finsh/cmd.o
                0x00000000000056e8                list_event
 .text.list_sem
                0x0000000000005802      0x120 ./Libraries/rtthread_libraries/components/finsh/cmd.o
                0x0000000000005802                list_sem
 .text.msh_help
                0x0000000000005922       0x76 ./Libraries/rtthread_libraries/components/finsh/msh.o
                0x0000000000005922                msh_help
 .text.cmd_ps   0x0000000000005998       0x10 ./Libraries/rtthread_libraries/components/finsh/msh.o
                0x0000000000005998                cmd_ps
 .text.cmd_free
                0x00000000000059a8       0x10 ./Libraries/rtthread_libraries/components/finsh/msh.o
                0x00000000000059a8                cmd_free
 .text.msh_is_used
                0x00000000000059b8        0x4 ./Libraries/rtthread_libraries/components/finsh/msh.o
                0x00000000000059b8                msh_is_used
 .text.msh_exec
                0x00000000000059bc      0x220 ./Libraries/rtthread_libraries/components/finsh/msh.o
                0x00000000000059bc                msh_exec
 .text.msh_auto_complete
                0x0000000000005bdc       0xf0 ./Libraries/rtthread_libraries/components/finsh/msh.o
                0x0000000000005bdc                msh_auto_complete
 .text.finsh_system_init
                0x0000000000005ccc       0xaa ./Libraries/rtthread_libraries/components/finsh/shell.o
                0x0000000000005ccc                finsh_system_init
 .text.finsh_get_prompt
                0x0000000000005d76       0xa8 ./Libraries/rtthread_libraries/components/finsh/shell.o
                0x0000000000005d76                finsh_get_prompt
 .text.finsh_thread_entry
                0x0000000000005e1e      0x330 ./Libraries/rtthread_libraries/components/finsh/shell.o
                0x0000000000005e1e                finsh_thread_entry
 .text.rt_heap_begin_get
                0x000000000000614e        0xa ./Libraries/board/board.o
                0x000000000000614e                rt_heap_begin_get
 .text.rt_heap_end_get
                0x0000000000006158        0xa ./Libraries/board/board.o
                0x0000000000006158                rt_heap_end_get
 .text.SysTick_Handler
                0x0000000000006162       0x78 ./Libraries/board/board.o
                0x0000000000006162                SysTick_Handler
 .text.board_init
                0x00000000000061da       0x46 ./Libraries/board/board.o
                0x00000000000061da                board_init
 .text.rt_hw_board_init
                0x0000000000006220       0xcc ./Libraries/board/board.o
                0x0000000000006220                rt_hw_board_init
 .text._write   0x00000000000062ec       0x4e ./Libraries/board/board.o
                0x00000000000062ec                _write
 .text.rt_hw_console_output
                0x000000000000633a       0x40 ./Libraries/board/board.o
                0x000000000000633a                rt_hw_console_output
 .text.rt_hw_console_getchar
                0x000000000000637a       0x1a ./Libraries/board/board.o
                0x000000000000637a                rt_hw_console_getchar
 .text.USART1_IRQHandler
                0x0000000000006394       0x7a ./Libraries/board/board.o
                0x0000000000006394                USART1_IRQHandler
 .text.SystemInit
                0x000000000000640e      0x118 ./Libraries/board/clock_config.o
                0x000000000000640e                SystemInit
 .text.button_entry
                0x0000000000006526       0xc4 ./CODE/button.o
                0x0000000000006526                button_entry
 .text.button_init
                0x00000000000065ea       0x96 ./CODE/button.o
                0x00000000000065ea                button_init
 .text.buzzer_entry
                0x0000000000006680       0x2e ./CODE/buzzer.o
                0x0000000000006680                buzzer_entry
 .text.buzzer_init
                0x00000000000066ae       0x52 ./CODE/buzzer.o
                0x00000000000066ae                buzzer_init
 .text.getborder
                0x0000000000006700      0x3b2 ./CODE/camera_process.o
                0x0000000000006700                getborder
 .text.motor_turn
                0x0000000000006ab2       0xd0 ./CODE/camera_process.o
                0x0000000000006ab2                motor_turn
 .text.Encoder_Init
                0x0000000000006b82       0x28 ./CODE/encoder.o
                0x0000000000006b82                Encoder_Init
 .text.encoder_get
                0x0000000000006baa       0x48 ./CODE/encoder.o
                0x0000000000006baa                encoder_get
 .text.fork_entry
                0x0000000000006bf2       0x4c ./CODE/fork.o
                0x0000000000006bf2                fork_entry
 .text.fork_init
                0x0000000000006c3e       0x42 ./CODE/fork.o
                0x0000000000006c3e                fork_init
 .text.Motor_Init
                0x0000000000006c80       0x94 ./CODE/motor.o
                0x0000000000006c80                Motor_Init
 .text.Motor_PID
                0x0000000000006d14      0x41a ./CODE/motor.o
                0x0000000000006d14                Motor_PID
 .text.Motor_Control
                0x000000000000712e       0xe2 ./CODE/motor.o
                0x000000000000712e                Motor_Control
 .text.servo_entry
                0x0000000000007210       0x7a ./CODE/servo.o
                0x0000000000007210                servo_entry
 .text.servo_init
                0x000000000000728a       0x52 ./CODE/servo.o
                0x000000000000728a                servo_init
 .text.timer1_pit_entry
                0x00000000000072dc      0x27e ./CODE/timer_pit.o
                0x00000000000072dc                timer1_pit_entry
 .text.timer_pit_init
                0x000000000000755a       0x2a ./CODE/timer_pit.o
                0x000000000000755a                timer_pit_init
 .text.__adddf3
                0x0000000000007584      0x730 d:/mounriver/mounriver_studio/toolchain/risc-v embedded gcc/bin/../lib/gcc/riscv-none-embed/8.2.0/rv32imac/ilp32\libgcc.a(adddf3.o)
                0x0000000000007584                __adddf3
 .text.__muldf3
                0x0000000000007cb4      0x4b8 d:/mounriver/mounriver_studio/toolchain/risc-v embedded gcc/bin/../lib/gcc/riscv-none-embed/8.2.0/rv32imac/ilp32\libgcc.a(muldf3.o)
                0x0000000000007cb4                __muldf3
 .text.__fixdfsi
                0x000000000000816c       0x68 d:/mounriver/mounriver_studio/toolchain/risc-v embedded gcc/bin/../lib/gcc/riscv-none-embed/8.2.0/rv32imac/ilp32\libgcc.a(fixdfsi.o)
                0x000000000000816c                __fixdfsi
 .text.__floatsidf
                0x00000000000081d4       0x72 d:/mounriver/mounriver_studio/toolchain/risc-v embedded gcc/bin/../lib/gcc/riscv-none-embed/8.2.0/rv32imac/ilp32\libgcc.a(floatsidf.o)
                0x00000000000081d4                __floatsidf
 .text.__addsf3
                0x0000000000008246      0x36a d:/mounriver/mounriver_studio/toolchain/risc-v embedded gcc/bin/../lib/gcc/riscv-none-embed/8.2.0/rv32imac/ilp32\libgcc.a(addsf3.o)
                0x0000000000008246                __addsf3
 .text.__gesf2  0x00000000000085b0       0x86 d:/mounriver/mounriver_studio/toolchain/risc-v embedded gcc/bin/../lib/gcc/riscv-none-embed/8.2.0/rv32imac/ilp32\libgcc.a(gesf2.o)
                0x00000000000085b0                __gesf2
                0x00000000000085b0                __gtsf2
 .text.__lesf2  0x0000000000008636       0x8c d:/mounriver/mounriver_studio/toolchain/risc-v embedded gcc/bin/../lib/gcc/riscv-none-embed/8.2.0/rv32imac/ilp32\libgcc.a(lesf2.o)
                0x0000000000008636                __ltsf2
                0x0000000000008636                __lesf2
 .text.__mulsf3
                0x00000000000086c2      0x294 d:/mounriver/mounriver_studio/toolchain/risc-v embedded gcc/bin/../lib/gcc/riscv-none-embed/8.2.0/rv32imac/ilp32\libgcc.a(mulsf3.o)
                0x00000000000086c2                __mulsf3
 .text.__subsf3
                0x0000000000008956      0x388 d:/mounriver/mounriver_studio/toolchain/risc-v embedded gcc/bin/../lib/gcc/riscv-none-embed/8.2.0/rv32imac/ilp32\libgcc.a(subsf3.o)
                0x0000000000008956                __subsf3
 .text.__fixsfsi
                0x0000000000008cde       0x62 d:/mounriver/mounriver_studio/toolchain/risc-v embedded gcc/bin/../lib/gcc/riscv-none-embed/8.2.0/rv32imac/ilp32\libgcc.a(fixsfsi.o)
                0x0000000000008cde                __fixsfsi
 .text.__floatsisf
                0x0000000000008d40       0xc6 d:/mounriver/mounriver_studio/toolchain/risc-v embedded gcc/bin/../lib/gcc/riscv-none-embed/8.2.0/rv32imac/ilp32\libgcc.a(floatsisf.o)
                0x0000000000008d40                __floatsisf
 .text.__extendsfdf2
                0x0000000000008e06       0xac d:/mounriver/mounriver_studio/toolchain/risc-v embedded gcc/bin/../lib/gcc/riscv-none-embed/8.2.0/rv32imac/ilp32\libgcc.a(extendsfdf2.o)
                0x0000000000008e06                __extendsfdf2
 .text.__truncdfsf2
                0x0000000000008eb2      0x16a d:/mounriver/mounriver_studio/toolchain/risc-v embedded gcc/bin/../lib/gcc/riscv-none-embed/8.2.0/rv32imac/ilp32\libgcc.a(truncdfsf2.o)
                0x0000000000008eb2                __truncdfsf2
 .text.__clzsi2
                0x000000000000901c       0x76 d:/mounriver/mounriver_studio/toolchain/risc-v embedded gcc/bin/../lib/gcc/riscv-none-embed/8.2.0/rv32imac/ilp32\libgcc.a(_clzsi2.o)
                0x000000000000901c                __clzsi2
 .text.__assert_func
                0x0000000000009092       0x3a d:/mounriver/mounriver_studio/toolchain/risc-v embedded gcc/bin/../lib/gcc/riscv-none-embed/8.2.0/../../../../riscv-none-embed/lib/rv32imac/ilp32\libg_nano.a(lib_a-assert.o)
                0x0000000000009092                __assert_func
 .text.fprintf  0x00000000000090cc       0x26 d:/mounriver/mounriver_studio/toolchain/risc-v embedded gcc/bin/../lib/gcc/riscv-none-embed/8.2.0/../../../../riscv-none-embed/lib/rv32imac/ilp32\libg_nano.a(lib_a-fprintf.o)
                0x00000000000090cc                fiprintf
                0x00000000000090cc                fprintf
 .text.memcpy   0x00000000000090f2       0xb6 d:/mounriver/mounriver_studio/toolchain/risc-v embedded gcc/bin/../lib/gcc/riscv-none-embed/8.2.0/../../../../riscv-none-embed/lib/rv32imac/ilp32\libg_nano.a(lib_a-memcpy.o)
                0x00000000000090f2                memcpy
 .text.__sfputc_r
                0x00000000000091a8       0x28 d:/mounriver/mounriver_studio/toolchain/risc-v embedded gcc/bin/../lib/gcc/riscv-none-embed/8.2.0/../../../../riscv-none-embed/lib/rv32imac/ilp32\libg_nano.a(lib_a-nano-vfprintf.o)
 .text.__sfputs_r
                0x00000000000091d0       0x44 d:/mounriver/mounriver_studio/toolchain/risc-v embedded gcc/bin/../lib/gcc/riscv-none-embed/8.2.0/../../../../riscv-none-embed/lib/rv32imac/ilp32\libg_nano.a(lib_a-nano-vfprintf.o)
                0x00000000000091d0                __sfputs_r
 .text._vfprintf_r
                0x0000000000009214      0x2a0 d:/mounriver/mounriver_studio/toolchain/risc-v embedded gcc/bin/../lib/gcc/riscv-none-embed/8.2.0/../../../../riscv-none-embed/lib/rv32imac/ilp32\libg_nano.a(lib_a-nano-vfprintf.o)
                0x0000000000009214                _vfprintf_r
                0x0000000000009214                _vfiprintf_r
 .text._printf_common
                0x00000000000094b4      0x10c d:/mounriver/mounriver_studio/toolchain/risc-v embedded gcc/bin/../lib/gcc/riscv-none-embed/8.2.0/../../../../riscv-none-embed/lib/rv32imac/ilp32\libg_nano.a(lib_a-nano-vfprintf_i.o)
                0x00000000000094b4                _printf_common
 .text._printf_i
                0x00000000000095c0      0x2a6 d:/mounriver/mounriver_studio/toolchain/risc-v embedded gcc/bin/../lib/gcc/riscv-none-embed/8.2.0/../../../../riscv-none-embed/lib/rv32imac/ilp32\libg_nano.a(lib_a-nano-vfprintf_i.o)
                0x00000000000095c0                _printf_i
 .text.strlen   0x0000000000009866       0x12 d:/mounriver/mounriver_studio/toolchain/risc-v embedded gcc/bin/../lib/gcc/riscv-none-embed/8.2.0/../../../../riscv-none-embed/lib/rv32imac/ilp32\libg_nano.a(lib_a-strlen.o)
                0x0000000000009866                strlen
 .text.strncmp  0x0000000000009878       0x2c d:/mounriver/mounriver_studio/toolchain/risc-v embedded gcc/bin/../lib/gcc/riscv-none-embed/8.2.0/../../../../riscv-none-embed/lib/rv32imac/ilp32\libg_nano.a(lib_a-strncmp.o)
                0x0000000000009878                strncmp
 .text.strncpy  0x00000000000098a4       0x24 d:/mounriver/mounriver_studio/toolchain/risc-v embedded gcc/bin/../lib/gcc/riscv-none-embed/8.2.0/../../../../riscv-none-embed/lib/rv32imac/ilp32\libg_nano.a(lib_a-strncpy.o)
                0x00000000000098a4                strncpy
 .text.__swbuf_r
                0x00000000000098c8       0xc0 d:/mounriver/mounriver_studio/toolchain/risc-v embedded gcc/bin/../lib/gcc/riscv-none-embed/8.2.0/../../../../riscv-none-embed/lib/rv32imac/ilp32\libg_nano.a(lib_a-wbuf.o)
                0x00000000000098c8                __swbuf_r
 .text.__swsetup_r
                0x0000000000009988      0x10c d:/mounriver/mounriver_studio/toolchain/risc-v embedded gcc/bin/../lib/gcc/riscv-none-embed/8.2.0/../../../../riscv-none-embed/lib/rv32imac/ilp32\libg_nano.a(lib_a-wsetup.o)
                0x0000000000009988                __swsetup_r
 .text.abort    0x0000000000009a94        0xe d:/mounriver/mounriver_studio/toolchain/risc-v embedded gcc/bin/../lib/gcc/riscv-none-embed/8.2.0/../../../../riscv-none-embed/lib/rv32imac/ilp32\libg_nano.a(lib_a-abort.o)
                0x0000000000009a94                abort
 .text.__sflush_r
                0x0000000000009aa2      0x13c d:/mounriver/mounriver_studio/toolchain/risc-v embedded gcc/bin/../lib/gcc/riscv-none-embed/8.2.0/../../../../riscv-none-embed/lib/rv32imac/ilp32\libg_nano.a(lib_a-fflush.o)
                0x0000000000009aa2                __sflush_r
 .text._fflush_r
                0x0000000000009bde       0x66 d:/mounriver/mounriver_studio/toolchain/risc-v embedded gcc/bin/../lib/gcc/riscv-none-embed/8.2.0/../../../../riscv-none-embed/lib/rv32imac/ilp32\libg_nano.a(lib_a-fflush.o)
                0x0000000000009bde                _fflush_r
 .text.std      0x0000000000009c44       0x6a d:/mounriver/mounriver_studio/toolchain/risc-v embedded gcc/bin/../lib/gcc/riscv-none-embed/8.2.0/../../../../riscv-none-embed/lib/rv32imac/ilp32\libg_nano.a(lib_a-findfp.o)
 .text._cleanup_r
                0x0000000000009cae        0xa d:/mounriver/mounriver_studio/toolchain/risc-v embedded gcc/bin/../lib/gcc/riscv-none-embed/8.2.0/../../../../riscv-none-embed/lib/rv32imac/ilp32\libg_nano.a(lib_a-findfp.o)
                0x0000000000009cae                _cleanup_r
 .text.__sfmoreglue
                0x0000000000009cb8       0x46 d:/mounriver/mounriver_studio/toolchain/risc-v embedded gcc/bin/../lib/gcc/riscv-none-embed/8.2.0/../../../../riscv-none-embed/lib/rv32imac/ilp32\libg_nano.a(lib_a-findfp.o)
                0x0000000000009cb8                __sfmoreglue
 .text.__sinit  0x0000000000009cfe       0x6c d:/mounriver/mounriver_studio/toolchain/risc-v embedded gcc/bin/../lib/gcc/riscv-none-embed/8.2.0/../../../../riscv-none-embed/lib/rv32imac/ilp32\libg_nano.a(lib_a-findfp.o)
                0x0000000000009cfe                __sinit
 .text.__sfp    0x0000000000009d6a       0xa0 d:/mounriver/mounriver_studio/toolchain/risc-v embedded gcc/bin/../lib/gcc/riscv-none-embed/8.2.0/../../../../riscv-none-embed/lib/rv32imac/ilp32\libg_nano.a(lib_a-findfp.o)
                0x0000000000009d6a                __sfp
 .text._fwalk_reent
                0x0000000000009e0a       0x6c d:/mounriver/mounriver_studio/toolchain/risc-v embedded gcc/bin/../lib/gcc/riscv-none-embed/8.2.0/../../../../riscv-none-embed/lib/rv32imac/ilp32\libg_nano.a(lib_a-fwalk.o)
                0x0000000000009e0a                _fwalk_reent
 .text.__swhatbuf_r
                0x0000000000009e76       0x58 d:/mounriver/mounriver_studio/toolchain/risc-v embedded gcc/bin/../lib/gcc/riscv-none-embed/8.2.0/../../../../riscv-none-embed/lib/rv32imac/ilp32\libg_nano.a(lib_a-makebuf.o)
                0x0000000000009e76                __swhatbuf_r
 .text.__smakebuf_r
                0x0000000000009ece       0x9e d:/mounriver/mounriver_studio/toolchain/risc-v embedded gcc/bin/../lib/gcc/riscv-none-embed/8.2.0/../../../../riscv-none-embed/lib/rv32imac/ilp32\libg_nano.a(lib_a-makebuf.o)
                0x0000000000009ece                __smakebuf_r
 .text.memchr   0x0000000000009f6c       0x1a d:/mounriver/mounriver_studio/toolchain/risc-v embedded gcc/bin/../lib/gcc/riscv-none-embed/8.2.0/../../../../riscv-none-embed/lib/rv32imac/ilp32\libg_nano.a(lib_a-memchr.o)
                0x0000000000009f6c                memchr
 .text._free_r  0x0000000000009f86       0xa4 d:/mounriver/mounriver_studio/toolchain/risc-v embedded gcc/bin/../lib/gcc/riscv-none-embed/8.2.0/../../../../riscv-none-embed/lib/rv32imac/ilp32\libg_nano.a(lib_a-nano-freer.o)
                0x0000000000009f86                _free_r
 .text._malloc_r
                0x000000000000a02a       0xce d:/mounriver/mounriver_studio/toolchain/risc-v embedded gcc/bin/../lib/gcc/riscv-none-embed/8.2.0/../../../../riscv-none-embed/lib/rv32imac/ilp32\libg_nano.a(lib_a-nano-mallocr.o)
                0x000000000000a02a                _malloc_r
 .text._sbrk_r  0x000000000000a0f8       0x30 d:/mounriver/mounriver_studio/toolchain/risc-v embedded gcc/bin/../lib/gcc/riscv-none-embed/8.2.0/../../../../riscv-none-embed/lib/rv32imac/ilp32\libg_nano.a(lib_a-sbrkr.o)
                0x000000000000a0f8                _sbrk_r
 .text._raise_r
                0x000000000000a128       0x62 d:/mounriver/mounriver_studio/toolchain/risc-v embedded gcc/bin/../lib/gcc/riscv-none-embed/8.2.0/../../../../riscv-none-embed/lib/rv32imac/ilp32\libg_nano.a(lib_a-signal.o)
                0x000000000000a128                _raise_r
 .text.raise    0x000000000000a18a        0xc d:/mounriver/mounriver_studio/toolchain/risc-v embedded gcc/bin/../lib/gcc/riscv-none-embed/8.2.0/../../../../riscv-none-embed/lib/rv32imac/ilp32\libg_nano.a(lib_a-signal.o)
                0x000000000000a18a                raise
 .text._kill_r  0x000000000000a196       0x32 d:/mounriver/mounriver_studio/toolchain/risc-v embedded gcc/bin/../lib/gcc/riscv-none-embed/8.2.0/../../../../riscv-none-embed/lib/rv32imac/ilp32\libg_nano.a(lib_a-signalr.o)
                0x000000000000a196                _kill_r
 .text._getpid_r
                0x000000000000a1c8        0x2 d:/mounriver/mounriver_studio/toolchain/risc-v embedded gcc/bin/../lib/gcc/riscv-none-embed/8.2.0/../../../../riscv-none-embed/lib/rv32imac/ilp32\libg_nano.a(lib_a-signalr.o)
                0x000000000000a1c8                _getpid_r
 .text.__sread  0x000000000000a1ca       0x30 d:/mounriver/mounriver_studio/toolchain/risc-v embedded gcc/bin/../lib/gcc/riscv-none-embed/8.2.0/../../../../riscv-none-embed/lib/rv32imac/ilp32\libg_nano.a(lib_a-stdio.o)
                0x000000000000a1ca                __sread
 .text.__swrite
                0x000000000000a1fa       0x4e d:/mounriver/mounriver_studio/toolchain/risc-v embedded gcc/bin/../lib/gcc/riscv-none-embed/8.2.0/../../../../riscv-none-embed/lib/rv32imac/ilp32\libg_nano.a(lib_a-stdio.o)
                0x000000000000a1fa                __swrite
 .text.__sseek  0x000000000000a248       0x36 d:/mounriver/mounriver_studio/toolchain/risc-v embedded gcc/bin/../lib/gcc/riscv-none-embed/8.2.0/../../../../riscv-none-embed/lib/rv32imac/ilp32\libg_nano.a(lib_a-stdio.o)
                0x000000000000a248                __sseek
 .text.__sclose
                0x000000000000a27e        0x6 d:/mounriver/mounriver_studio/toolchain/risc-v embedded gcc/bin/../lib/gcc/riscv-none-embed/8.2.0/../../../../riscv-none-embed/lib/rv32imac/ilp32\libg_nano.a(lib_a-stdio.o)
                0x000000000000a27e                __sclose
 .text._write_r
                0x000000000000a284       0x36 d:/mounriver/mounriver_studio/toolchain/risc-v embedded gcc/bin/../lib/gcc/riscv-none-embed/8.2.0/../../../../riscv-none-embed/lib/rv32imac/ilp32\libg_nano.a(lib_a-writer.o)
                0x000000000000a284                _write_r
 .text._close_r
                0x000000000000a2ba       0x30 d:/mounriver/mounriver_studio/toolchain/risc-v embedded gcc/bin/../lib/gcc/riscv-none-embed/8.2.0/../../../../riscv-none-embed/lib/rv32imac/ilp32\libg_nano.a(lib_a-closer.o)
                0x000000000000a2ba                _close_r
 .text._fstat_r
                0x000000000000a2ea       0x32 d:/mounriver/mounriver_studio/toolchain/risc-v embedded gcc/bin/../lib/gcc/riscv-none-embed/8.2.0/../../../../riscv-none-embed/lib/rv32imac/ilp32\libg_nano.a(lib_a-fstatr.o)
                0x000000000000a2ea                _fstat_r
 .text._isatty_r
                0x000000000000a31c       0x30 d:/mounriver/mounriver_studio/toolchain/risc-v embedded gcc/bin/../lib/gcc/riscv-none-embed/8.2.0/../../../../riscv-none-embed/lib/rv32imac/ilp32\libg_nano.a(lib_a-isattyr.o)
                0x000000000000a31c                _isatty_r
 .text._lseek_r
                0x000000000000a34c       0x34 d:/mounriver/mounriver_studio/toolchain/risc-v embedded gcc/bin/../lib/gcc/riscv-none-embed/8.2.0/../../../../riscv-none-embed/lib/rv32imac/ilp32\libg_nano.a(lib_a-lseekr.o)
                0x000000000000a34c                _lseek_r
 .text.__malloc_lock
                0x000000000000a380        0x2 d:/mounriver/mounriver_studio/toolchain/risc-v embedded gcc/bin/../lib/gcc/riscv-none-embed/8.2.0/../../../../riscv-none-embed/lib/rv32imac/ilp32\libg_nano.a(lib_a-mlock.o)
                0x000000000000a380                __malloc_lock
 .text.__malloc_unlock
                0x000000000000a382        0x2 d:/mounriver/mounriver_studio/toolchain/risc-v embedded gcc/bin/../lib/gcc/riscv-none-embed/8.2.0/../../../../riscv-none-embed/lib/rv32imac/ilp32\libg_nano.a(lib_a-mlock.o)
                0x000000000000a382                __malloc_unlock
 .text._read_r  0x000000000000a384       0x34 d:/mounriver/mounriver_studio/toolchain/risc-v embedded gcc/bin/../lib/gcc/riscv-none-embed/8.2.0/../../../../riscv-none-embed/lib/rv32imac/ilp32\libg_nano.a(lib_a-readr.o)
                0x000000000000a384                _read_r
 .text._close   0x000000000000a3b8       0x10 d:/mounriver/mounriver_studio/toolchain/risc-v embedded gcc/bin/../lib/gcc/riscv-none-embed/8.2.0/../../../../riscv-none-embed/lib/rv32imac/ilp32\libnosys.a(close.o)
                0x000000000000a3b8                _close
 .text._fstat   0x000000000000a3c8       0x10 d:/mounriver/mounriver_studio/toolchain/risc-v embedded gcc/bin/../lib/gcc/riscv-none-embed/8.2.0/../../../../riscv-none-embed/lib/rv32imac/ilp32\libnosys.a(fstat.o)
                0x000000000000a3c8                _fstat
 .text._getpid  0x000000000000a3d8       0x10 d:/mounriver/mounriver_studio/toolchain/risc-v embedded gcc/bin/../lib/gcc/riscv-none-embed/8.2.0/../../../../riscv-none-embed/lib/rv32imac/ilp32\libnosys.a(getpid.o)
                0x000000000000a3d8                _getpid
 .text._isatty  0x000000000000a3e8       0x10 d:/mounriver/mounriver_studio/toolchain/risc-v embedded gcc/bin/../lib/gcc/riscv-none-embed/8.2.0/../../../../riscv-none-embed/lib/rv32imac/ilp32\libnosys.a(isatty.o)
                0x000000000000a3e8                _isatty
 .text._kill    0x000000000000a3f8       0x10 d:/mounriver/mounriver_studio/toolchain/risc-v embedded gcc/bin/../lib/gcc/riscv-none-embed/8.2.0/../../../../riscv-none-embed/lib/rv32imac/ilp32\libnosys.a(kill.o)
                0x000000000000a3f8                _kill
 .text._lseek   0x000000000000a408       0x10 d:/mounriver/mounriver_studio/toolchain/risc-v embedded gcc/bin/../lib/gcc/riscv-none-embed/8.2.0/../../../../riscv-none-embed/lib/rv32imac/ilp32\libnosys.a(lseek.o)
                0x000000000000a408                _lseek
 .text._read    0x000000000000a418       0x10 d:/mounriver/mounriver_studio/toolchain/risc-v embedded gcc/bin/../lib/gcc/riscv-none-embed/8.2.0/../../../../riscv-none-embed/lib/rv32imac/ilp32\libnosys.a(read.o)
                0x000000000000a418                _read
 .text._sbrk    0x000000000000a428       0x24 d:/mounriver/mounriver_studio/toolchain/risc-v embedded gcc/bin/../lib/gcc/riscv-none-embed/8.2.0/../../../../riscv-none-embed/lib/rv32imac/ilp32\libnosys.a(sbrk.o)
                0x000000000000a428                _sbrk
 .text._exit    0x000000000000a44c        0x2 d:/mounriver/mounriver_studio/toolchain/risc-v embedded gcc/bin/../lib/gcc/riscv-none-embed/8.2.0/../../../../riscv-none-embed/lib/rv32imac/ilp32\libnosys.a(_exit.o)
                0x000000000000a44c                _exit
 *(.rodata)
 *(.rodata*)
 *fill*         0x000000000000a44e        0x2 
 .rodata.main.cst4
                0x000000000000a450        0x4 ./USER/main.o
 .rodata.main.str1.4
                0x000000000000a454        0x7 ./USER/main.o
 *fill*         0x000000000000a45b        0x1 
 .rodata.GPION  0x000000000000a45c       0x10 ./Libraries/seekfree_libraries/zf_gpio.o
                0x000000000000a45c                GPION
 .rodata.TIMERN
                0x000000000000a46c       0x10 ./Libraries/seekfree_libraries/zf_qtimer.o
                0x000000000000a46c                TIMERN
 .rodata.__func__.3348
                0x000000000000a47c        0xe ./Libraries/seekfree_libraries/zf_spi.o
 *fill*         0x000000000000a48a        0x2 
 .rodata.spi_gpio_init.str1.4
                0x000000000000a48c       0x2d ./Libraries/seekfree_libraries/zf_spi.o
 *fill*         0x000000000000a4b9        0x3 
 .rodata.UARTN  0x000000000000a4bc       0x10 ./Libraries/seekfree_libraries/zf_uart.o
                0x000000000000a4bc                UARTN
 .rodata.rt_application_init.str1.4
                0x000000000000a4cc        0x5 ./Libraries/rtthread_libraries/src/components.o
 *fill*         0x000000000000a4d1        0x3 
 .rodata.rt_thread_idle_init.str1.4
                0x000000000000a4d4        0x6 ./Libraries/rtthread_libraries/src/idle.o
 *fill*         0x000000000000a4da        0x2 
 .rodata.rt_vsnprintf
                0x000000000000a4dc      0x150 ./Libraries/rtthread_libraries/src/kservice.o
 .rodata.__lowest_bit_bitmap
                0x000000000000a62c      0x100 ./Libraries/rtthread_libraries/src/kservice.o
                0x000000000000a62c                __lowest_bit_bitmap
 .rodata.large_digits.2270
                0x000000000000a72c       0x11 ./Libraries/rtthread_libraries/src/kservice.o
 *fill*         0x000000000000a73d        0x3 
 .rodata.rt_show_version.str1.4
                0x000000000000a740       0x86 ./Libraries/rtthread_libraries/src/kservice.o
 *fill*         0x000000000000a7c6        0x2 
 .rodata.rt_vsnprintf.str1.4
                0x000000000000a7c8        0x7 ./Libraries/rtthread_libraries/src/kservice.o
 *fill*         0x000000000000a7cf        0x1 
 .rodata.small_digits.2269
                0x000000000000a7d0       0x11 ./Libraries/rtthread_libraries/src/kservice.o
 *fill*         0x000000000000a7e1        0x3 
 .rodata.__fsym_list_mem_name
                0x000000000000a7e4        0x9 ./Libraries/rtthread_libraries/src/mem.o
                0x000000000000a7e4                __fsym_list_mem_name
 *fill*         0x000000000000a7ed        0x3 
 .rodata.list_mem.str1.4
                0x000000000000a7f0       0x46 ./Libraries/rtthread_libraries/src/mem.o
 *fill*         0x000000000000a836        0x2 
 .rodata.rt_free.str1.4
                0x000000000000a838       0x4c ./Libraries/rtthread_libraries/src/mem.o
 .rodata.rt_system_heap_init.str1.4
                0x000000000000a884       0x42 ./Libraries/rtthread_libraries/src/mem.o
 *fill*         0x000000000000a8c6        0x2 
 .rodata.__fsym___cmd_list_event_name
                0x000000000000a8c8       0x11 ./Libraries/rtthread_libraries/components/finsh/cmd.o
                0x000000000000a8c8                __fsym___cmd_list_event_name
 *fill*         0x000000000000a8d9        0x3 
 .rodata.__fsym___cmd_list_mailbox_name
                0x000000000000a8dc       0x13 ./Libraries/rtthread_libraries/components/finsh/cmd.o
                0x000000000000a8dc                __fsym___cmd_list_mailbox_name
 *fill*         0x000000000000a8ef        0x1 
 .rodata.__fsym___cmd_list_sem_name
                0x000000000000a8f0        0xf ./Libraries/rtthread_libraries/components/finsh/cmd.o
                0x000000000000a8f0                __fsym___cmd_list_sem_name
 *fill*         0x000000000000a8ff        0x1 
 .rodata.__fsym___cmd_list_thread_name
                0x000000000000a900       0x12 ./Libraries/rtthread_libraries/components/finsh/cmd.o
                0x000000000000a900                __fsym___cmd_list_thread_name
 *fill*         0x000000000000a912        0x2 
 .rodata.__fsym___cmd_list_timer_name
                0x000000000000a914       0x11 ./Libraries/rtthread_libraries/components/finsh/cmd.o
                0x000000000000a914                __fsym___cmd_list_timer_name
 *fill*         0x000000000000a925        0x3 
 .rodata.__fsym___cmd_version_name
                0x000000000000a928        0xe ./Libraries/rtthread_libraries/components/finsh/cmd.o
                0x000000000000a928                __fsym___cmd_version_name
 *fill*         0x000000000000a936        0x2 
 .rodata.__fsym_list_event_name
                0x000000000000a938        0xb ./Libraries/rtthread_libraries/components/finsh/cmd.o
                0x000000000000a938                __fsym_list_event_name
 *fill*         0x000000000000a943        0x1 
 .rodata.__fsym_list_mailbox_name
                0x000000000000a944        0xd ./Libraries/rtthread_libraries/components/finsh/cmd.o
                0x000000000000a944                __fsym_list_mailbox_name
 *fill*         0x000000000000a951        0x3 
 .rodata.__fsym_list_sem_name
                0x000000000000a954        0x9 ./Libraries/rtthread_libraries/components/finsh/cmd.o
                0x000000000000a954                __fsym_list_sem_name
 *fill*         0x000000000000a95d        0x3 
 .rodata.__fsym_list_thread_name
                0x000000000000a960        0xc ./Libraries/rtthread_libraries/components/finsh/cmd.o
                0x000000000000a960                __fsym_list_thread_name
 .rodata.__fsym_list_timer_name
                0x000000000000a96c        0xb ./Libraries/rtthread_libraries/components/finsh/cmd.o
                0x000000000000a96c                __fsym_list_timer_name
 *fill*         0x000000000000a977        0x1 
 .rodata.hello.str1.4
                0x000000000000a978       0x12 ./Libraries/rtthread_libraries/components/finsh/cmd.o
 *fill*         0x000000000000a98a        0x2 
 .rodata.list.str1.4
                0x000000000000a98c       0x1c ./Libraries/rtthread_libraries/components/finsh/cmd.o
 .rodata.list_event.str1.4
                0x000000000000a9a8       0x76 ./Libraries/rtthread_libraries/components/finsh/cmd.o
 *fill*         0x000000000000aa1e        0x2 
 .rodata.list_mailbox.str1.4
                0x000000000000aa20       0x76 ./Libraries/rtthread_libraries/components/finsh/cmd.o
                                         0x7a (size before relaxing)
 *fill*         0x000000000000aa96        0x2 
 .rodata.list_sem.str1.4
                0x000000000000aa98       0x60 ./Libraries/rtthread_libraries/components/finsh/cmd.o
 .rodata.list_thread.str1.4
                0x000000000000aaf8      0x100 ./Libraries/rtthread_libraries/components/finsh/cmd.o
 .rodata.list_timer.str1.4
                0x000000000000abf8       0x9d ./Libraries/rtthread_libraries/components/finsh/cmd.o
 *fill*         0x000000000000ac95        0x3 
 .rodata.show_wait_queue.str1.4
                0x000000000000ac98        0x6 ./Libraries/rtthread_libraries/components/finsh/cmd.o
 *fill*         0x000000000000ac9e        0x2 
 .rodata.__fsym___cmd_free_name
                0x000000000000aca0        0xb ./Libraries/rtthread_libraries/components/finsh/msh.o
                0x000000000000aca0                __fsym___cmd_free_name
 *fill*         0x000000000000acab        0x1 
 .rodata.__fsym___cmd_help_name
                0x000000000000acac        0xb ./Libraries/rtthread_libraries/components/finsh/msh.o
                0x000000000000acac                __fsym___cmd_help_name
 *fill*         0x000000000000acb7        0x1 
 .rodata.__fsym___cmd_ps_name
                0x000000000000acb8        0x9 ./Libraries/rtthread_libraries/components/finsh/msh.o
                0x000000000000acb8                __fsym___cmd_ps_name
 .rodata.msh_auto_complete.str1.4
                0x000000000000acc1        0x4 ./Libraries/rtthread_libraries/components/finsh/msh.o
 *fill*         0x000000000000acc1        0x3 
 .rodata.msh_exec.str1.4
                0x000000000000acc4       0x38 ./Libraries/rtthread_libraries/components/finsh/msh.o
 .rodata.msh_help.str1.4
                0x000000000000acfc       0x28 ./Libraries/rtthread_libraries/components/finsh/msh.o
                                         0x2a (size before relaxing)
 .rodata.finsh_system_init.str1.4
                0x000000000000ad24       0x25 ./Libraries/rtthread_libraries/components/finsh/shell.o
 *fill*         0x000000000000ad49        0x3 
 .rodata.finsh_thread_entry.str1.4
                0x000000000000ad4c       0x1c ./Libraries/rtthread_libraries/components/finsh/shell.o
                                         0x23 (size before relaxing)
 .rodata.rt_hw_board_init.str1.4
                0x000000000000ad68        0x8 ./Libraries/board/board.o
 .rodata.button_init.str1.4
                0x000000000000ad70       0x1f ./CODE/button.o
 *fill*         0x000000000000ad8f        0x1 
 .rodata.buzzer_init.str1.4
                0x000000000000ad90        0x7 ./CODE/buzzer.o
 *fill*         0x000000000000ad97        0x1 
 .rodata.motor_turn.cst8
                0x000000000000ad98        0x8 ./CODE/camera_process.o
 .rodata.fork_init.str1.4
                0x000000000000ada0        0x5 ./CODE/fork.o
 *fill*         0x000000000000ada5        0x3 
 .rodata.servo_init.str1.4
                0x000000000000ada8        0x6 ./CODE/servo.o
 *fill*         0x000000000000adae        0x2 
 .rodata.timer1_pit_entry.cst4
                0x000000000000adb0       0x28 ./CODE/timer_pit.o
 .rodata.timer1_pit_entry.cst8
                0x000000000000add8        0x8 ./CODE/timer_pit.o
 .rodata.timer_pit_init.str1.4
                0x000000000000ade0        0x7 ./CODE/timer_pit.o
 *fill*         0x000000000000ade7        0x1 
 .rodata.__muldf3
                0x000000000000ade8       0x40 d:/mounriver/mounriver_studio/toolchain/risc-v embedded gcc/bin/../lib/gcc/riscv-none-embed/8.2.0/rv32imac/ilp32\libgcc.a(muldf3.o)
 .rodata.__mulsf3
                0x000000000000ae28       0x40 d:/mounriver/mounriver_studio/toolchain/risc-v embedded gcc/bin/../lib/gcc/riscv-none-embed/8.2.0/rv32imac/ilp32\libgcc.a(mulsf3.o)
 .rodata.__clz_tab
                0x000000000000ae68      0x100 d:/mounriver/mounriver_studio/toolchain/risc-v embedded gcc/bin/../lib/gcc/riscv-none-embed/8.2.0/rv32imac/ilp32\libgcc.a(_clz.o)
                0x000000000000ae68                __clz_tab
 .rodata.__assert_func.str1.4
                0x000000000000af68       0x3f d:/mounriver/mounriver_studio/toolchain/risc-v embedded gcc/bin/../lib/gcc/riscv-none-embed/8.2.0/../../../../riscv-none-embed/lib/rv32imac/ilp32\libg_nano.a(lib_a-assert.o)
                                         0x43 (size before relaxing)
 *fill*         0x000000000000afa7        0x1 
 .rodata._vfprintf_r.str1.4
                0x000000000000afa8       0x13 d:/mounriver/mounriver_studio/toolchain/risc-v embedded gcc/bin/../lib/gcc/riscv-none-embed/8.2.0/../../../../riscv-none-embed/lib/rv32imac/ilp32\libg_nano.a(lib_a-nano-vfprintf.o)
 *fill*         0x000000000000afbb        0x1 
 .rodata._printf_i.str1.4
                0x000000000000afbc       0x28 d:/mounriver/mounriver_studio/toolchain/risc-v embedded gcc/bin/../lib/gcc/riscv-none-embed/8.2.0/../../../../riscv-none-embed/lib/rv32imac/ilp32\libg_nano.a(lib_a-nano-vfprintf_i.o)
                                         0x25 (size before relaxing)
 .rodata.__sf_fake_stderr
                0x000000000000afe4       0x20 d:/mounriver/mounriver_studio/toolchain/risc-v embedded gcc/bin/../lib/gcc/riscv-none-embed/8.2.0/../../../../riscv-none-embed/lib/rv32imac/ilp32\libg_nano.a(lib_a-findfp.o)
                0x000000000000afe4                __sf_fake_stderr
 .rodata.__sf_fake_stdin
                0x000000000000b004       0x20 d:/mounriver/mounriver_studio/toolchain/risc-v embedded gcc/bin/../lib/gcc/riscv-none-embed/8.2.0/../../../../riscv-none-embed/lib/rv32imac/ilp32\libg_nano.a(lib_a-findfp.o)
                0x000000000000b004                __sf_fake_stdin
 .rodata.__sf_fake_stdout
                0x000000000000b024       0x20 d:/mounriver/mounriver_studio/toolchain/risc-v embedded gcc/bin/../lib/gcc/riscv-none-embed/8.2.0/../../../../riscv-none-embed/lib/rv32imac/ilp32\libg_nano.a(lib_a-findfp.o)
                0x000000000000b024                __sf_fake_stdout
 *(.glue_7)
 *(.glue_7t)
 *(.gnu.linkonce.t.*)
                0x000000000000b044                . = ALIGN (0x4)

.rodata         0x000000000000b044       0xa4
                0x000000000000b044                . = ALIGN (0x4)
 *(.rdata)
 *(.rodata .rodata.*)
                0x000000000000b044                . = ALIGN (0x4)
                0x000000000000b044                __rt_init_start = .
 *(SORT_BY_NAME(.rti_fn*))
 .rti_fn.0      0x000000000000b044        0x4 ./Libraries/rtthread_libraries/src/components.o
                0x000000000000b044                __rt_init_rti_start
 .rti_fn.0.end  0x000000000000b048        0x4 ./Libraries/rtthread_libraries/src/components.o
                0x000000000000b048                __rt_init_rti_board_start
 .rti_fn.1.end  0x000000000000b04c        0x4 ./Libraries/rtthread_libraries/src/components.o
                0x000000000000b04c                __rt_init_rti_board_end
 .rti_fn.6      0x000000000000b050        0x4 ./Libraries/rtthread_libraries/components/finsh/shell.o
                0x000000000000b050                __rt_init_finsh_system_init
 .rti_fn.6.end  0x000000000000b054        0x4 ./Libraries/rtthread_libraries/src/components.o
                0x000000000000b054                __rt_init_rti_end
                0x000000000000b058                __rt_init_end = .
                0x000000000000b058                . = ALIGN (0x4)
                0x000000000000b058                __fsymtab_start = .
 *(FSymTab)
 FSymTab        0x000000000000b058        0x8 ./Libraries/rtthread_libraries/src/mem.o
                0x000000000000b058                __fsym_list_mem
 FSymTab        0x000000000000b060       0x70 ./Libraries/rtthread_libraries/components/finsh/cmd.o
                0x000000000000b060                __fsym_list
                0x000000000000b068                __fsym___cmd_list_timer
                0x000000000000b070                __fsym_list_timer
                0x000000000000b078                __fsym___cmd_list_mailbox
                0x000000000000b080                __fsym_list_mailbox
                0x000000000000b088                __fsym___cmd_list_event
                0x000000000000b090                __fsym_list_event
                0x000000000000b098                __fsym___cmd_list_sem
                0x000000000000b0a0                __fsym_list_sem
                0x000000000000b0a8                __fsym___cmd_list_thread
                0x000000000000b0b0                __fsym_list_thread
                0x000000000000b0b8                __fsym___cmd_version
                0x000000000000b0c0                __fsym_version
                0x000000000000b0c8                __fsym_hello
 FSymTab        0x000000000000b0d0       0x18 ./Libraries/rtthread_libraries/components/finsh/msh.o
                0x000000000000b0d0                __fsym___cmd_free
                0x000000000000b0d8                __fsym___cmd_ps
                0x000000000000b0e0                __fsym___cmd_help
                0x000000000000b0e8                __fsymtab_end = .
                0x000000000000b0e8                . = ALIGN (0x4)
                0x000000000000b0e8                __vsymtab_start = .
 *(VSymTab)
                0x000000000000b0e8                __vsymtab_end = .
 *(.gnu.linkonce.r.*)
                0x000000000000b0e8                . = ALIGN (0x8)
 *(.srodata.cst16)
 *(.srodata.cst8)
 *(.srodata.cst4)
 *(.srodata.cst2)
 *(.srodata .srodata.*)

.rela.dyn       0x000000000000b0e8        0x0
 .rela.init     0x000000000000b0e8        0x0 ./USER/isr.o
 .rela.vector   0x000000000000b0e8        0x0 ./USER/isr.o
 .rela.text.handle_reset
                0x000000000000b0e8        0x0 ./USER/isr.o
 .rela.text     0x000000000000b0e8        0x0 ./USER/isr.o
 .rela.text.finsh_system_init
                0x000000000000b0e8        0x0 ./USER/isr.o
 .rela.text.rt_hw_board_init
                0x000000000000b0e8        0x0 ./USER/isr.o
 .rela.text._vfprintf_r
                0x000000000000b0e8        0x0 ./USER/isr.o
 .rela.text._sbrk_r
                0x000000000000b0e8        0x0 ./USER/isr.o
 .rela.text._kill_r
                0x000000000000b0e8        0x0 ./USER/isr.o
 .rela.text._write_r
                0x000000000000b0e8        0x0 ./USER/isr.o
 .rela.text._close_r
                0x000000000000b0e8        0x0 ./USER/isr.o
 .rela.text._fstat_r
                0x000000000000b0e8        0x0 ./USER/isr.o
 .rela.text._isatty_r
                0x000000000000b0e8        0x0 ./USER/isr.o
 .rela.text._lseek_r
                0x000000000000b0e8        0x0 ./USER/isr.o
 .rela.text._read_r
                0x000000000000b0e8        0x0 ./USER/isr.o
 .rela.text._close
                0x000000000000b0e8        0x0 ./USER/isr.o
 .rela.text._fstat
                0x000000000000b0e8        0x0 ./USER/isr.o
 .rela.text._getpid
                0x000000000000b0e8        0x0 ./USER/isr.o
 .rela.text._isatty
                0x000000000000b0e8        0x0 ./USER/isr.o
 .rela.text._kill
                0x000000000000b0e8        0x0 ./USER/isr.o
 .rela.text._lseek
                0x000000000000b0e8        0x0 ./USER/isr.o
 .rela.text._read
                0x000000000000b0e8        0x0 ./USER/isr.o
 .rela.text._sbrk
                0x000000000000b0e8        0x0 ./USER/isr.o

.fini           0x000000000000b0e8        0x0
 *(SORT_NONE(.fini))
                0x000000000000b0e8                . = ALIGN (0x4)
                [!provide]                        PROVIDE (_etext = .)
                [!provide]                        PROVIDE (_eitcm = .)

.preinit_array  0x000000000000b0e8        0x0
                [!provide]                        PROVIDE (__preinit_array_start = .)
 *(.preinit_array)
                [!provide]                        PROVIDE (__preinit_array_end = .)

.init_array     0x000000000000b0e8        0x0
                [!provide]                        PROVIDE (__init_array_start = .)
 *(SORT_BY_INIT_PRIORITY(.init_array.*) SORT_BY_INIT_PRIORITY(.ctors.*))
 *(.init_array EXCLUDE_FILE(*crtend?.o *crtend.o *crtbegin?.o *crtbegin.o) .ctors)
                [!provide]                        PROVIDE (__init_array_end = .)

.fini_array     0x000000000000b0e8        0x0
                [!provide]                        PROVIDE (__fini_array_start = .)
 *(SORT_BY_INIT_PRIORITY(.fini_array.*) SORT_BY_INIT_PRIORITY(.dtors.*))
 *(.fini_array EXCLUDE_FILE(*crtend?.o *crtend.o *crtbegin?.o *crtbegin.o) .dtors)
                [!provide]                        PROVIDE (__fini_array_end = .)

.ctors
 *crtbegin.o(.ctors)
 *crtbegin?.o(.ctors)
 *(EXCLUDE_FILE(*crtend?.o *crtend.o) .ctors)
 *(SORT_BY_NAME(.ctors.*))
 *(.ctors)

.dtors
 *crtbegin.o(.dtors)
 *crtbegin?.o(.dtors)
 *(EXCLUDE_FILE(*crtend?.o *crtend.o) .dtors)
 *(SORT_BY_NAME(.dtors.*))
 *(.dtors)

.dalign         0x0000000020000000        0x0 load address 0x000000000000b0e8
                0x0000000020000000                . = ALIGN (0x4)
                0x0000000020000000                PROVIDE (_data_vma = .)

.dlalign        0x000000000000b0e8        0x0
                0x000000000000b0e8                . = ALIGN (0x4)
                0x000000000000b0e8                PROVIDE (_data_lma = .)

.data           0x0000000020000000      0x148 load address 0x000000000000b0e8
 *(.gnu.linkonce.r.*)
 *(.data .data.*)
 .data.APBAHBPrescTable
                0x0000000020000000       0x10 ./Libraries/wch_libraries/Peripheral/ch32v10x_rcc.o
 .data.GET_CFG  0x0000000020000010       0x20 ./Libraries/seekfree_peripheral/SEEKFREE_MT9V03X.o
                0x0000000020000010                GET_CFG
 .data.MT9V03X_CFG
                0x0000000020000030       0x24 ./Libraries/seekfree_peripheral/SEEKFREE_MT9V03X.o
                0x0000000020000030                MT9V03X_CFG
 .data.rt_object_container
                0x0000000020000054       0x50 ./Libraries/rtthread_libraries/src/object.o
 .data.impure_data
                0x00000000200000a4       0x60 d:/mounriver/mounriver_studio/toolchain/risc-v embedded gcc/bin/../lib/gcc/riscv-none-embed/8.2.0/../../../../riscv-none-embed/lib/rv32imac/ilp32\libg_nano.a(lib_a-impure.o)
 *(.gnu.linkonce.d.*)
                0x0000000020000108                . = ALIGN (0x8)
 *fill*         0x0000000020000104        0x4 
                0x0000000020000908                PROVIDE (__global_pointer$ = (. + 0x800))
 *(.sdata .sdata.*)
 .sdata.ADCPrescTable
                0x0000000020000108        0x4 ./Libraries/wch_libraries/Peripheral/ch32v10x_rcc.o
 .sdata.camera_type
                0x000000002000010c        0x4 ./Libraries/seekfree_libraries/common.o
                0x000000002000010c                camera_type
 .sdata.key1_status
                0x0000000020000110        0x1 ./CODE/button.o
                0x0000000020000110                key1_status
 .sdata.key2_status
                0x0000000020000111        0x1 ./CODE/button.o
                0x0000000020000111                key2_status
 .sdata.key3_status
                0x0000000020000112        0x1 ./CODE/button.o
                0x0000000020000112                key3_status
 *fill*         0x0000000020000113        0x1 
 .sdata.circle_pattern
                0x0000000020000114        0x4 ./CODE/fork.o
                0x0000000020000114                circle_pattern
 .sdata.motor_pattern
                0x0000000020000118        0x4 ./CODE/fork.o
                0x0000000020000118                motor_pattern
 .sdata._impure_ptr
                0x000000002000011c        0x4 d:/mounriver/mounriver_studio/toolchain/risc-v embedded gcc/bin/../lib/gcc/riscv-none-embed/8.2.0/../../../../riscv-none-embed/lib/rv32imac/ilp32\libg_nano.a(lib_a-impure.o)
                0x000000002000011c                _impure_ptr
 *(.sdata2.*)
 .sdata2.SPIN   0x0000000020000120        0x8 ./Libraries/seekfree_libraries/zf_spi.o
                0x0000000020000120                SPIN
 .sdata2.__fsym_hello_name
                0x0000000020000128        0x6 ./Libraries/rtthread_libraries/components/finsh/cmd.o
                0x0000000020000128                __fsym_hello_name
 *fill*         0x000000002000012e        0x2 
 .sdata2.__fsym_list_name
                0x0000000020000130        0x5 ./Libraries/rtthread_libraries/components/finsh/cmd.o
                0x0000000020000130                __fsym_list_name
 *fill*         0x0000000020000135        0x3 
 .sdata2.__fsym_version_name
                0x0000000020000138        0x8 ./Libraries/rtthread_libraries/components/finsh/cmd.o
                0x0000000020000138                __fsym_version_name
 .sdata2._global_impure_ptr
                0x0000000020000140        0x4 d:/mounriver/mounriver_studio/toolchain/risc-v embedded gcc/bin/../lib/gcc/riscv-none-embed/8.2.0/../../../../riscv-none-embed/lib/rv32imac/ilp32\libg_nano.a(lib_a-impure.o)
                0x0000000020000140                _global_impure_ptr
 *(.gnu.linkonce.s.*)
                0x0000000020000148                . = ALIGN (0x8)
 *fill*         0x0000000020000144        0x4 
 *(.srodata.cst16)
 *(.srodata.cst8)
 *(.srodata.cst4)
 *(.srodata.cst2)
 *(.srodata .srodata.*)
                0x0000000020000148                . = ALIGN (0x4)